[0.030s] Invoking command in '/home/aviken/colcon_ws/build/musashi_msgs': CMAKE_PREFIX_PATH=${CMAKE_PREFIX_PATH}:/home/aviken/turtlebot3_ws/install/turtlebot3_yolo_object_detection:/home/aviken/turtlebot3_ws/install/turtlebot3_teleop:/home/aviken/turtlebot3_ws/install/turtlebot3_ps4_teleop:/home/aviken/turtlebot3_ws/install/turtlebot3_example:/home/aviken/turtlebot3_ws/install/turtlebot3_automatic_parking_vision:/home/aviken/turtlebot3_ws/install/turtlebot3_automatic_parking:/home/aviken/turtlebot3_ws/install/turtlebot3_aruco_tracker:/home/aviken/colcon_ws/install/musashi_rviz:/home/aviken/colcon_ws/install/musashi_rqt_refereebox_client:/home/aviken/colcon_ws/install/musashi_rqt_player_server:/home/aviken/colcon_ws/install/musashi_rqt_player_controller:/home/aviken/colcon_ws/install/musashi_description:/home/aviken/colcon_ws/install/musashi_camera:/home/aviken/colcon_ws/install/musashi_basestation_client:/opt/ros/humble /usr/bin/cmake /home/aviken/colcon_ws/src/musashi-ros2-humble/musashi_msgs -DAMENT_CMAKE_SYMLINK_INSTALL=1 -DCMAKE_INSTALL_PREFIX=/home/aviken/colcon_ws/install/musashi_msgs
[0.944s] -- The C compiler identification is GNU 11.4.0
[0.944s] -- The CXX compiler identification is GNU 11.4.0
[0.944s] -- Detecting C compiler ABI info
[0.944s] -- Detecting C compiler ABI info - done
[0.944s] -- Check for working C compiler: /usr/bin/cc - skipped
[0.944s] -- Detecting C compile features
[0.944s] -- Detecting C compile features - done
[0.944s] -- Detecting CXX compiler ABI info
[0.945s] -- Detecting CXX compiler ABI info - done
[0.945s] -- Check for working CXX compiler: /usr/bin/c++ - skipped
[0.945s] -- Detecting CXX compile features
[0.945s] -- Detecting CXX compile features - done
[0.945s] -- Found ament_cmake: 1.3.12 (/opt/ros/humble/share/ament_cmake/cmake)
[0.945s] -- Found Python3: /usr/bin/python3 (found version "3.10.12") found components: Interpreter 
[0.945s] -- Override CMake install command with custom implementation using symlinks instead of copying resources
[0.945s] -- Found rosidl_default_generators: 1.2.0 (/opt/ros/humble/share/rosidl_default_generators/cmake)
[0.945s] -- Using all available rosidl_typesupport_c: rosidl_typesupport_fastrtps_c;rosidl_typesupport_introspection_c
[0.945s] -- Found rosidl_adapter: 3.1.7 (/opt/ros/humble/share/rosidl_adapter/cmake)
[0.945s] -- Using all available rosidl_typesupport_cpp: rosidl_typesupport_fastrtps_cpp;rosidl_typesupport_introspection_cpp
[0.945s] -- Found std_msgs: 4.9.0 (/opt/ros/humble/share/std_msgs/cmake)
[0.945s] -- Found geometry_msgs: 4.9.0 (/opt/ros/humble/share/geometry_msgs/cmake)
[0.945s] -- Found ament_cmake_ros: 0.10.0 (/opt/ros/humble/share/ament_cmake_ros/cmake)
[0.991s] -- Using all available rosidl_typesupport_c: rosidl_typesupport_fastrtps_c;rosidl_typesupport_introspection_c
[1.251s] -- Using all available rosidl_typesupport_cpp: rosidl_typesupport_fastrtps_cpp;rosidl_typesupport_introspection_cpp
[1.273s] -- Found PythonInterp: /usr/bin/python3 (found suitable version "3.10.12", minimum required is "3.6") 
[1.276s] -- Found python_cmake_module: 0.10.0 (/opt/ros/humble/share/python_cmake_module/cmake)
[1.301s] -- Found PythonLibs: /usr/lib/x86_64-linux-gnu/libpython3.10.so (found suitable version "3.10.12", minimum required is "3.5") 
[1.302s] -- Using PYTHON_EXECUTABLE: /usr/bin/python3
[1.302s] -- Using PYTHON_INCLUDE_DIRS: /usr/include/python3.10
[1.302s] -- Using PYTHON_LIBRARIES: /usr/lib/x86_64-linux-gnu/libpython3.10.so
[1.321s] -- Found PythonExtra: .so  
[1.388s] -- Found ament_lint_auto: 0.12.14 (/opt/ros/humble/share/ament_lint_auto/cmake)
[1.414s] -- Added test 'lint_cmake' to check CMake code style
[1.415s] -- Added test 'xmllint' to check XML markup files
[1.419s] -- Configuring done
[1.448s] -- Generating done
[1.456s] -- Build files have been written to: /home/aviken/colcon_ws/build/musashi_msgs
[1.466s] Invoked command in '/home/aviken/colcon_ws/build/musashi_msgs' returned '0': CMAKE_PREFIX_PATH=${CMAKE_PREFIX_PATH}:/home/aviken/turtlebot3_ws/install/turtlebot3_yolo_object_detection:/home/aviken/turtlebot3_ws/install/turtlebot3_teleop:/home/aviken/turtlebot3_ws/install/turtlebot3_ps4_teleop:/home/aviken/turtlebot3_ws/install/turtlebot3_example:/home/aviken/turtlebot3_ws/install/turtlebot3_automatic_parking_vision:/home/aviken/turtlebot3_ws/install/turtlebot3_automatic_parking:/home/aviken/turtlebot3_ws/install/turtlebot3_aruco_tracker:/home/aviken/colcon_ws/install/musashi_rviz:/home/aviken/colcon_ws/install/musashi_rqt_refereebox_client:/home/aviken/colcon_ws/install/musashi_rqt_player_server:/home/aviken/colcon_ws/install/musashi_rqt_player_controller:/home/aviken/colcon_ws/install/musashi_description:/home/aviken/colcon_ws/install/musashi_camera:/home/aviken/colcon_ws/install/musashi_basestation_client:/opt/ros/humble /usr/bin/cmake /home/aviken/colcon_ws/src/musashi-ros2-humble/musashi_msgs -DAMENT_CMAKE_SYMLINK_INSTALL=1 -DCMAKE_INSTALL_PREFIX=/home/aviken/colcon_ws/install/musashi_msgs
[1.468s] Invoking command in '/home/aviken/colcon_ws/build/musashi_msgs': CMAKE_PREFIX_PATH=${CMAKE_PREFIX_PATH}:/home/aviken/turtlebot3_ws/install/turtlebot3_yolo_object_detection:/home/aviken/turtlebot3_ws/install/turtlebot3_teleop:/home/aviken/turtlebot3_ws/install/turtlebot3_ps4_teleop:/home/aviken/turtlebot3_ws/install/turtlebot3_example:/home/aviken/turtlebot3_ws/install/turtlebot3_automatic_parking_vision:/home/aviken/turtlebot3_ws/install/turtlebot3_automatic_parking:/home/aviken/turtlebot3_ws/install/turtlebot3_aruco_tracker:/home/aviken/colcon_ws/install/musashi_rviz:/home/aviken/colcon_ws/install/musashi_rqt_refereebox_client:/home/aviken/colcon_ws/install/musashi_rqt_player_server:/home/aviken/colcon_ws/install/musashi_rqt_player_controller:/home/aviken/colcon_ws/install/musashi_description:/home/aviken/colcon_ws/install/musashi_camera:/home/aviken/colcon_ws/install/musashi_basestation_client:/opt/ros/humble /usr/bin/cmake --build /home/aviken/colcon_ws/build/musashi_msgs -- -j16 -l16
[1.502s] [  1%] [34m[1mGenerating C code for ROS interfaces[0m
[1.511s] [  2%] [34m[1mGenerating C++ code for ROS interfaces[0m
[1.527s] [  2%] Built target ament_cmake_python_symlink_musashi_msgs
[1.875s] running egg_info
[1.876s] creating musashi_msgs.egg-info
[1.876s] writing musashi_msgs.egg-info/PKG-INFO
[1.876s] writing dependency_links to musashi_msgs.egg-info/dependency_links.txt
[1.876s] writing top-level names to musashi_msgs.egg-info/top_level.txt
[1.877s] writing manifest file 'musashi_msgs.egg-info/SOURCES.txt'
[1.878s] reading manifest file 'musashi_msgs.egg-info/SOURCES.txt'
[1.878s] writing manifest file 'musashi_msgs.egg-info/SOURCES.txt'
[1.897s] [  2%] Built target ament_cmake_python_build_musashi_msgs_egg
[1.946s] [  2%] Built target musashi_msgs__cpp
[1.954s] [  7%] [34m[1mGenerating C++ introspection for ROS interfaces[0m
[1.954s] [  7%] [34m[1mGenerating C++ type support dispatch for ROS interfaces[0m
[1.954s] [  7%] [34m[1mGenerating C++ type support for eProsima Fast-RTPS[0m
[1.957s] [  9%] [32mBuilding C object CMakeFiles/musashi_msgs__rosidl_generator_c.dir/rosidl_generator_c/musashi_msgs/msg/detail/motor_state__functions.c.o[0m
[1.957s] [  9%] [32mBuilding C object CMakeFiles/musashi_msgs__rosidl_generator_c.dir/rosidl_generator_c/musashi_msgs/msg/detail/referee_cmd__functions.c.o[0m
[1.957s] [ 11%] [32mBuilding C object CMakeFiles/musashi_msgs__rosidl_generator_c.dir/rosidl_generator_c/musashi_msgs/msg/detail/polar2_d__functions.c.o[0m
[1.958s] [ 12%] [32mBuilding C object CMakeFiles/musashi_msgs__rosidl_generator_c.dir/rosidl_generator_c/musashi_msgs/msg/detail/motor_states__functions.c.o[0m
[1.960s] [ 14%] [32mBuilding C object CMakeFiles/musashi_msgs__rosidl_generator_c.dir/rosidl_generator_c/musashi_msgs/msg/detail/player_state__functions.c.o[0m
[1.960s] [ 15%] [32mBuilding C object CMakeFiles/musashi_msgs__rosidl_generator_c.dir/rosidl_generator_c/musashi_msgs/msg/detail/player_states__functions.c.o[0m
[2.016s] [ 16%] [32m[1mLinking C shared library libmusashi_msgs__rosidl_generator_c.so[0m
[2.047s] [ 16%] Built target musashi_msgs__rosidl_generator_c
[2.055s] [ 21%] [34m[1mGenerating C type support for eProsima Fast-RTPS[0m
[2.055s] [ 21%] [34m[1mGenerating C introspection for ROS interfaces[0m
[2.055s] [ 21%] [34m[1mGenerating C type support dispatch for ROS interfaces[0m
[2.255s] [ 22%] [32mBuilding CXX object CMakeFiles/musashi_msgs__rosidl_typesupport_cpp.dir/rosidl_typesupport_cpp/musashi_msgs/msg/polar2_d__type_support.cpp.o[0m
[2.255s] [ 23%] [32mBuilding CXX object CMakeFiles/musashi_msgs__rosidl_typesupport_cpp.dir/rosidl_typesupport_cpp/musashi_msgs/msg/referee_cmd__type_support.cpp.o[0m
[2.255s] [ 25%] [32mBuilding CXX object CMakeFiles/musashi_msgs__rosidl_typesupport_cpp.dir/rosidl_typesupport_cpp/musashi_msgs/msg/motor_state__type_support.cpp.o[0m
[2.255s] [ 26%] [32mBuilding CXX object CMakeFiles/musashi_msgs__rosidl_typesupport_cpp.dir/rosidl_typesupport_cpp/musashi_msgs/msg/motor_states__type_support.cpp.o[0m
[2.255s] [ 28%] [32mBuilding CXX object CMakeFiles/musashi_msgs__rosidl_typesupport_cpp.dir/rosidl_typesupport_cpp/musashi_msgs/msg/player_states__type_support.cpp.o[0m
[2.255s] [ 29%] [32mBuilding CXX object CMakeFiles/musashi_msgs__rosidl_typesupport_cpp.dir/rosidl_typesupport_cpp/musashi_msgs/msg/player_state__type_support.cpp.o[0m
[2.320s] [ 30%] [32mBuilding CXX object CMakeFiles/musashi_msgs__rosidl_typesupport_introspection_cpp.dir/rosidl_typesupport_introspection_cpp/musashi_msgs/msg/detail/motor_state__type_support.cpp.o[0m
[2.320s] [ 33%] [32mBuilding CXX object CMakeFiles/musashi_msgs__rosidl_typesupport_introspection_cpp.dir/rosidl_typesupport_introspection_cpp/musashi_msgs/msg/detail/referee_cmd__type_support.cpp.o[0m
[2.320s] [ 33%] [32mBuilding CXX object CMakeFiles/musashi_msgs__rosidl_typesupport_introspection_cpp.dir/rosidl_typesupport_introspection_cpp/musashi_msgs/msg/detail/motor_states__type_support.cpp.o[0m
[2.321s] [ 35%] [32mBuilding CXX object CMakeFiles/musashi_msgs__rosidl_typesupport_introspection_cpp.dir/rosidl_typesupport_introspection_cpp/musashi_msgs/msg/detail/player_states__type_support.cpp.o[0m
[2.321s] [ 36%] [32mBuilding CXX object CMakeFiles/musashi_msgs__rosidl_typesupport_introspection_cpp.dir/rosidl_typesupport_introspection_cpp/musashi_msgs/msg/detail/polar2_d__type_support.cpp.o[0m
[2.327s] [ 38%] [32mBuilding CXX object CMakeFiles/musashi_msgs__rosidl_typesupport_introspection_cpp.dir/rosidl_typesupport_introspection_cpp/musashi_msgs/msg/detail/player_state__type_support.cpp.o[0m
[2.482s] [ 39%] [32mBuilding CXX object CMakeFiles/musashi_msgs__rosidl_typesupport_c.dir/rosidl_typesupport_c/musashi_msgs/msg/motor_state__type_support.cpp.o[0m
[2.533s] [ 40%] [32mBuilding CXX object CMakeFiles/musashi_msgs__rosidl_typesupport_c.dir/rosidl_typesupport_c/musashi_msgs/msg/motor_states__type_support.cpp.o[0m
[2.553s] [ 42%] [32mBuilding CXX object CMakeFiles/musashi_msgs__rosidl_typesupport_fastrtps_cpp.dir/rosidl_typesupport_fastrtps_cpp/musashi_msgs/msg/detail/dds_fastrtps/motor_state__type_support.cpp.o[0m
[2.567s] [ 43%] [32mBuilding CXX object CMakeFiles/musashi_msgs__rosidl_typesupport_fastrtps_cpp.dir/rosidl_typesupport_fastrtps_cpp/musashi_msgs/msg/detail/dds_fastrtps/motor_states__type_support.cpp.o[0m
[2.573s] [ 45%] [32mBuilding CXX object CMakeFiles/musashi_msgs__rosidl_typesupport_fastrtps_cpp.dir/rosidl_typesupport_fastrtps_cpp/musashi_msgs/msg/detail/dds_fastrtps/referee_cmd__type_support.cpp.o[0m
[2.575s] [ 46%] [32mBuilding CXX object CMakeFiles/musashi_msgs__rosidl_typesupport_fastrtps_cpp.dir/rosidl_typesupport_fastrtps_cpp/musashi_msgs/msg/detail/dds_fastrtps/polar2_d__type_support.cpp.o[0m
[2.579s] [ 47%] [32mBuilding CXX object CMakeFiles/musashi_msgs__rosidl_typesupport_fastrtps_cpp.dir/rosidl_typesupport_fastrtps_cpp/musashi_msgs/msg/detail/dds_fastrtps/player_state__type_support.cpp.o[0m
[2.586s] [ 49%] [32mBuilding CXX object CMakeFiles/musashi_msgs__rosidl_typesupport_c.dir/rosidl_typesupport_c/musashi_msgs/msg/referee_cmd__type_support.cpp.o[0m
[2.608s] [ 50%] [32mBuilding CXX object CMakeFiles/musashi_msgs__rosidl_typesupport_fastrtps_cpp.dir/rosidl_typesupport_fastrtps_cpp/musashi_msgs/msg/detail/dds_fastrtps/player_states__type_support.cpp.o[0m
[2.628s] [ 52%] [32mBuilding C object CMakeFiles/musashi_msgs__rosidl_typesupport_introspection_c.dir/rosidl_typesupport_introspection_c/musashi_msgs/msg/detail/motor_state__type_support.c.o[0m
[2.630s] [ 53%] [32m[1mLinking CXX shared library libmusashi_msgs__rosidl_typesupport_cpp.so[0m
[2.641s] [ 54%] [32mBuilding CXX object CMakeFiles/musashi_msgs__rosidl_typesupport_c.dir/rosidl_typesupport_c/musashi_msgs/msg/polar2_d__type_support.cpp.o[0m
[2.674s] [ 56%] [32mBuilding C object CMakeFiles/musashi_msgs__rosidl_typesupport_introspection_c.dir/rosidl_typesupport_introspection_c/musashi_msgs/msg/detail/motor_states__type_support.c.o[0m
[2.708s] [ 57%] [32mBuilding CXX object CMakeFiles/musashi_msgs__rosidl_typesupport_fastrtps_c.dir/rosidl_typesupport_fastrtps_c/musashi_msgs/msg/detail/motor_state__type_support_c.cpp.o[0m
[2.712s] [ 59%] [32mBuilding CXX object CMakeFiles/musashi_msgs__rosidl_typesupport_c.dir/rosidl_typesupport_c/musashi_msgs/msg/player_state__type_support.cpp.o[0m
[2.722s] [ 59%] Built target musashi_msgs__rosidl_typesupport_cpp
[2.731s] [ 60%] [32mBuilding C object CMakeFiles/musashi_msgs__rosidl_typesupport_introspection_c.dir/rosidl_typesupport_introspection_c/musashi_msgs/msg/detail/referee_cmd__type_support.c.o[0m
[2.748s] [ 61%] [32mBuilding CXX object CMakeFiles/musashi_msgs__rosidl_typesupport_c.dir/rosidl_typesupport_c/musashi_msgs/msg/player_states__type_support.cpp.o[0m
[2.755s] [ 63%] [32mBuilding C object CMakeFiles/musashi_msgs__rosidl_typesupport_introspection_c.dir/rosidl_typesupport_introspection_c/musashi_msgs/msg/detail/polar2_d__type_support.c.o[0m
[2.790s] [ 64%] [32mBuilding C object CMakeFiles/musashi_msgs__rosidl_typesupport_introspection_c.dir/rosidl_typesupport_introspection_c/musashi_msgs/msg/detail/player_state__type_support.c.o[0m
[2.796s] [ 66%] [32mBuilding C object CMakeFiles/musashi_msgs__rosidl_typesupport_introspection_c.dir/rosidl_typesupport_introspection_c/musashi_msgs/msg/detail/player_states__type_support.c.o[0m
[2.798s] [ 67%] [32m[1mLinking CXX shared library libmusashi_msgs__rosidl_typesupport_c.so[0m
[2.807s] [ 70%] [32mBuilding CXX object CMakeFiles/musashi_msgs__rosidl_typesupport_fastrtps_c.dir/rosidl_typesupport_fastrtps_c/musashi_msgs/msg/detail/motor_states__type_support_c.cpp.o[0m
[2.807s] [ 70%] [32mBuilding CXX object CMakeFiles/musashi_msgs__rosidl_typesupport_fastrtps_c.dir/rosidl_typesupport_fastrtps_c/musashi_msgs/msg/detail/polar2_d__type_support_c.cpp.o[0m
[2.808s] [ 71%] [32mBuilding CXX object CMakeFiles/musashi_msgs__rosidl_typesupport_fastrtps_c.dir/rosidl_typesupport_fastrtps_c/musashi_msgs/msg/detail/referee_cmd__type_support_c.cpp.o[0m
[2.846s] [ 73%] [32mBuilding CXX object CMakeFiles/musashi_msgs__rosidl_typesupport_fastrtps_c.dir/rosidl_typesupport_fastrtps_c/musashi_msgs/msg/detail/player_state__type_support_c.cpp.o[0m
[2.853s] [ 74%] [32mBuilding CXX object CMakeFiles/musashi_msgs__rosidl_typesupport_fastrtps_c.dir/rosidl_typesupport_fastrtps_c/musashi_msgs/msg/detail/player_states__type_support_c.cpp.o[0m
[2.864s] [ 76%] [32m[1mLinking C shared library libmusashi_msgs__rosidl_typesupport_introspection_c.so[0m
[2.868s] [ 76%] Built target musashi_msgs__rosidl_typesupport_c
[2.877s] [ 77%] [32m[1mLinking CXX shared library libmusashi_msgs__rosidl_typesupport_introspection_cpp.so[0m
[2.916s] [ 77%] Built target musashi_msgs__rosidl_typesupport_introspection_c
[2.980s] [ 77%] Built target musashi_msgs__rosidl_typesupport_introspection_cpp
[3.115s] [ 78%] [32m[1mLinking CXX shared library libmusashi_msgs__rosidl_typesupport_fastrtps_cpp.so[0m
[3.173s] [ 78%] Built target musashi_msgs__rosidl_typesupport_fastrtps_cpp
[3.185s] [ 80%] [32m[1mLinking CXX shared library libmusashi_msgs__rosidl_typesupport_fastrtps_c.so[0m
[3.233s] [ 80%] Built target musashi_msgs__rosidl_typesupport_fastrtps_c
[3.248s] [ 80%] Built target musashi_msgs
[3.264s] [ 81%] [34m[1mGenerating Python code for ROS interfaces[0m
[3.768s] [ 81%] Built target musashi_msgs__py
[3.784s] [ 87%] [32mBuilding C object CMakeFiles/musashi_msgs__rosidl_generator_py.dir/rosidl_generator_py/musashi_msgs/msg/_motor_state_s.c.o[0m
[3.785s] [ 87%] [32mBuilding C object CMakeFiles/musashi_msgs__rosidl_generator_py.dir/rosidl_generator_py/musashi_msgs/msg/_motor_states_s.c.o[0m
[3.785s] [ 87%] [32mBuilding C object CMakeFiles/musashi_msgs__rosidl_generator_py.dir/rosidl_generator_py/musashi_msgs/msg/_polar2_d_s.c.o[0m
[3.785s] [ 87%] [32mBuilding C object CMakeFiles/musashi_msgs__rosidl_generator_py.dir/rosidl_generator_py/musashi_msgs/msg/_referee_cmd_s.c.o[0m
[3.786s] [ 88%] [32mBuilding C object CMakeFiles/musashi_msgs__rosidl_generator_py.dir/rosidl_generator_py/musashi_msgs/msg/_player_state_s.c.o[0m
[3.786s] [ 90%] [32mBuilding C object CMakeFiles/musashi_msgs__rosidl_generator_py.dir/rosidl_generator_py/musashi_msgs/msg/_player_states_s.c.o[0m
[3.895s] [ 91%] [32m[1mLinking C shared library rosidl_generator_py/musashi_msgs/libmusashi_msgs__rosidl_generator_py.so[0m
[3.928s] [ 91%] Built target musashi_msgs__rosidl_generator_py
[3.943s] [ 95%] [32mBuilding C object CMakeFiles/musashi_msgs__rosidl_typesupport_fastrtps_c__pyext.dir/rosidl_generator_py/musashi_msgs/_musashi_msgs_s.ep.rosidl_typesupport_fastrtps_c.c.o[0m
[3.943s] [ 95%] [32mBuilding C object CMakeFiles/musashi_msgs__rosidl_typesupport_c__pyext.dir/rosidl_generator_py/musashi_msgs/_musashi_msgs_s.ep.rosidl_typesupport_c.c.o[0m
[3.943s] [ 95%] [32mBuilding C object CMakeFiles/musashi_msgs__rosidl_typesupport_introspection_c__pyext.dir/rosidl_generator_py/musashi_msgs/_musashi_msgs_s.ep.rosidl_typesupport_introspection_c.c.o[0m
[4.018s] [ 98%] [32m[1mLinking C shared library rosidl_generator_py/musashi_msgs/musashi_msgs_s__rosidl_typesupport_fastrtps_c.cpython-310-x86_64-linux-gnu.so[0m
[4.018s] [ 98%] [32m[1mLinking C shared library rosidl_generator_py/musashi_msgs/musashi_msgs_s__rosidl_typesupport_introspection_c.cpython-310-x86_64-linux-gnu.so[0m
[4.019s] [100%] [32m[1mLinking C shared library rosidl_generator_py/musashi_msgs/musashi_msgs_s__rosidl_typesupport_c.cpython-310-x86_64-linux-gnu.so[0m
[4.045s] [100%] Built target musashi_msgs__rosidl_typesupport_c__pyext
[4.046s] [100%] Built target musashi_msgs__rosidl_typesupport_introspection_c__pyext
[4.046s] [100%] Built target musashi_msgs__rosidl_typesupport_fastrtps_c__pyext
[4.054s] Invoked command in '/home/aviken/colcon_ws/build/musashi_msgs' returned '0': CMAKE_PREFIX_PATH=${CMAKE_PREFIX_PATH}:/home/aviken/turtlebot3_ws/install/turtlebot3_yolo_object_detection:/home/aviken/turtlebot3_ws/install/turtlebot3_teleop:/home/aviken/turtlebot3_ws/install/turtlebot3_ps4_teleop:/home/aviken/turtlebot3_ws/install/turtlebot3_example:/home/aviken/turtlebot3_ws/install/turtlebot3_automatic_parking_vision:/home/aviken/turtlebot3_ws/install/turtlebot3_automatic_parking:/home/aviken/turtlebot3_ws/install/turtlebot3_aruco_tracker:/home/aviken/colcon_ws/install/musashi_rviz:/home/aviken/colcon_ws/install/musashi_rqt_refereebox_client:/home/aviken/colcon_ws/install/musashi_rqt_player_server:/home/aviken/colcon_ws/install/musashi_rqt_player_controller:/home/aviken/colcon_ws/install/musashi_description:/home/aviken/colcon_ws/install/musashi_camera:/home/aviken/colcon_ws/install/musashi_basestation_client:/opt/ros/humble /usr/bin/cmake --build /home/aviken/colcon_ws/build/musashi_msgs -- -j16 -l16
[4.061s] Invoking command in '/home/aviken/colcon_ws/build/musashi_msgs': CMAKE_PREFIX_PATH=${CMAKE_PREFIX_PATH}:/home/aviken/turtlebot3_ws/install/turtlebot3_yolo_object_detection:/home/aviken/turtlebot3_ws/install/turtlebot3_teleop:/home/aviken/turtlebot3_ws/install/turtlebot3_ps4_teleop:/home/aviken/turtlebot3_ws/install/turtlebot3_example:/home/aviken/turtlebot3_ws/install/turtlebot3_automatic_parking_vision:/home/aviken/turtlebot3_ws/install/turtlebot3_automatic_parking:/home/aviken/turtlebot3_ws/install/turtlebot3_aruco_tracker:/home/aviken/colcon_ws/install/musashi_rviz:/home/aviken/colcon_ws/install/musashi_rqt_refereebox_client:/home/aviken/colcon_ws/install/musashi_rqt_player_server:/home/aviken/colcon_ws/install/musashi_rqt_player_controller:/home/aviken/colcon_ws/install/musashi_description:/home/aviken/colcon_ws/install/musashi_camera:/home/aviken/colcon_ws/install/musashi_basestation_client:/opt/ros/humble /usr/bin/cmake --install /home/aviken/colcon_ws/build/musashi_msgs
[4.066s] -- Install configuration: ""
[4.067s] -- Execute custom install script
[4.067s] -- Symlinking: /home/aviken/colcon_ws/install/musashi_msgs/share/ament_index/resource_index/rosidl_interfaces/musashi_msgs
[4.074s] -- Symlinking: /home/aviken/colcon_ws/install/musashi_msgs/include/musashi_msgs/musashi_msgs/msg/detail/motor_state__functions.h
[4.080s] -- Symlinking: /home/aviken/colcon_ws/install/musashi_msgs/include/musashi_msgs/musashi_msgs/msg/detail/motor_state__struct.h
[4.087s] -- Symlinking: /home/aviken/colcon_ws/install/musashi_msgs/include/musashi_msgs/musashi_msgs/msg/detail/motor_state__type_support.h
[4.093s] -- Symlinking: /home/aviken/colcon_ws/install/musashi_msgs/include/musashi_msgs/musashi_msgs/msg/detail/motor_states__functions.h
[4.099s] -- Symlinking: /home/aviken/colcon_ws/install/musashi_msgs/include/musashi_msgs/musashi_msgs/msg/detail/motor_states__struct.h
[4.105s] -- Symlinking: /home/aviken/colcon_ws/install/musashi_msgs/include/musashi_msgs/musashi_msgs/msg/detail/motor_states__type_support.h
[4.110s] -- Symlinking: /home/aviken/colcon_ws/install/musashi_msgs/include/musashi_msgs/musashi_msgs/msg/detail/player_state__functions.h
[4.116s] -- Symlinking: /home/aviken/colcon_ws/install/musashi_msgs/include/musashi_msgs/musashi_msgs/msg/detail/player_state__struct.h
[4.121s] -- Symlinking: /home/aviken/colcon_ws/install/musashi_msgs/include/musashi_msgs/musashi_msgs/msg/detail/player_state__type_support.h
[4.126s] -- Symlinking: /home/aviken/colcon_ws/install/musashi_msgs/include/musashi_msgs/musashi_msgs/msg/detail/player_states__functions.h
[4.131s] -- Symlinking: /home/aviken/colcon_ws/install/musashi_msgs/include/musashi_msgs/musashi_msgs/msg/detail/player_states__struct.h
[4.137s] -- Symlinking: /home/aviken/colcon_ws/install/musashi_msgs/include/musashi_msgs/musashi_msgs/msg/detail/player_states__type_support.h
[4.142s] -- Symlinking: /home/aviken/colcon_ws/install/musashi_msgs/include/musashi_msgs/musashi_msgs/msg/detail/polar2_d__functions.h
[4.148s] -- Symlinking: /home/aviken/colcon_ws/install/musashi_msgs/include/musashi_msgs/musashi_msgs/msg/detail/polar2_d__struct.h
[4.154s] -- Symlinking: /home/aviken/colcon_ws/install/musashi_msgs/include/musashi_msgs/musashi_msgs/msg/detail/polar2_d__type_support.h
[4.160s] -- Symlinking: /home/aviken/colcon_ws/install/musashi_msgs/include/musashi_msgs/musashi_msgs/msg/detail/referee_cmd__functions.h
[4.167s] -- Symlinking: /home/aviken/colcon_ws/install/musashi_msgs/include/musashi_msgs/musashi_msgs/msg/detail/referee_cmd__struct.h
[4.172s] -- Symlinking: /home/aviken/colcon_ws/install/musashi_msgs/include/musashi_msgs/musashi_msgs/msg/detail/referee_cmd__type_support.h
[4.178s] -- Symlinking: /home/aviken/colcon_ws/install/musashi_msgs/include/musashi_msgs/musashi_msgs/msg/motor_state.h
[4.184s] -- Symlinking: /home/aviken/colcon_ws/install/musashi_msgs/include/musashi_msgs/musashi_msgs/msg/motor_states.h
[4.189s] -- Symlinking: /home/aviken/colcon_ws/install/musashi_msgs/include/musashi_msgs/musashi_msgs/msg/player_state.h
[4.194s] -- Symlinking: /home/aviken/colcon_ws/install/musashi_msgs/include/musashi_msgs/musashi_msgs/msg/player_states.h
[4.200s] -- Symlinking: /home/aviken/colcon_ws/install/musashi_msgs/include/musashi_msgs/musashi_msgs/msg/polar2_d.h
[4.205s] -- Symlinking: /home/aviken/colcon_ws/install/musashi_msgs/include/musashi_msgs/musashi_msgs/msg/referee_cmd.h
[4.211s] -- Symlinking: /home/aviken/colcon_ws/install/musashi_msgs/include/musashi_msgs/musashi_msgs/msg/rosidl_generator_c__visibility_control.h
[4.216s] -- Symlinking: /home/aviken/colcon_ws/install/musashi_msgs/share/musashi_msgs/environment/library_path.sh
[4.222s] -- Symlinking: /home/aviken/colcon_ws/install/musashi_msgs/share/musashi_msgs/environment/library_path.dsv
[4.228s] -- Symlinking: /home/aviken/colcon_ws/install/musashi_msgs/include/musashi_msgs/musashi_msgs/msg/detail/motor_state__rosidl_typesupport_fastrtps_c.h
[4.234s] -- Symlinking: /home/aviken/colcon_ws/install/musashi_msgs/include/musashi_msgs/musashi_msgs/msg/detail/motor_states__rosidl_typesupport_fastrtps_c.h
[4.242s] -- Symlinking: /home/aviken/colcon_ws/install/musashi_msgs/include/musashi_msgs/musashi_msgs/msg/detail/player_state__rosidl_typesupport_fastrtps_c.h
[4.248s] -- Symlinking: /home/aviken/colcon_ws/install/musashi_msgs/include/musashi_msgs/musashi_msgs/msg/detail/player_states__rosidl_typesupport_fastrtps_c.h
[4.254s] -- Symlinking: /home/aviken/colcon_ws/install/musashi_msgs/include/musashi_msgs/musashi_msgs/msg/detail/polar2_d__rosidl_typesupport_fastrtps_c.h
[4.259s] -- Symlinking: /home/aviken/colcon_ws/install/musashi_msgs/include/musashi_msgs/musashi_msgs/msg/detail/referee_cmd__rosidl_typesupport_fastrtps_c.h
[4.265s] -- Symlinking: /home/aviken/colcon_ws/install/musashi_msgs/include/musashi_msgs/musashi_msgs/msg/rosidl_typesupport_fastrtps_c__visibility_control.h
[4.272s] -- Symlinking: /home/aviken/colcon_ws/install/musashi_msgs/include/musashi_msgs/musashi_msgs/msg/detail/motor_state__rosidl_typesupport_introspection_c.h
[4.277s] -- Symlinking: /home/aviken/colcon_ws/install/musashi_msgs/include/musashi_msgs/musashi_msgs/msg/detail/motor_states__rosidl_typesupport_introspection_c.h
[4.282s] -- Symlinking: /home/aviken/colcon_ws/install/musashi_msgs/include/musashi_msgs/musashi_msgs/msg/detail/player_state__rosidl_typesupport_introspection_c.h
[4.288s] -- Symlinking: /home/aviken/colcon_ws/install/musashi_msgs/include/musashi_msgs/musashi_msgs/msg/detail/player_states__rosidl_typesupport_introspection_c.h
[4.293s] -- Symlinking: /home/aviken/colcon_ws/install/musashi_msgs/include/musashi_msgs/musashi_msgs/msg/detail/polar2_d__rosidl_typesupport_introspection_c.h
[4.300s] -- Symlinking: /home/aviken/colcon_ws/install/musashi_msgs/include/musashi_msgs/musashi_msgs/msg/detail/referee_cmd__rosidl_typesupport_introspection_c.h
[4.306s] -- Symlinking: /home/aviken/colcon_ws/install/musashi_msgs/include/musashi_msgs/musashi_msgs/msg/rosidl_typesupport_introspection_c__visibility_control.h
[4.312s] -- Symlinking: /home/aviken/colcon_ws/install/musashi_msgs/include/musashi_msgs/musashi_msgs/msg/detail/motor_state__builder.hpp
[4.318s] -- Symlinking: /home/aviken/colcon_ws/install/musashi_msgs/include/musashi_msgs/musashi_msgs/msg/detail/motor_state__struct.hpp
[4.323s] -- Symlinking: /home/aviken/colcon_ws/install/musashi_msgs/include/musashi_msgs/musashi_msgs/msg/detail/motor_state__traits.hpp
[4.330s] -- Symlinking: /home/aviken/colcon_ws/install/musashi_msgs/include/musashi_msgs/musashi_msgs/msg/detail/motor_state__type_support.hpp
[4.338s] -- Symlinking: /home/aviken/colcon_ws/install/musashi_msgs/include/musashi_msgs/musashi_msgs/msg/detail/motor_states__builder.hpp
[4.344s] -- Symlinking: /home/aviken/colcon_ws/install/musashi_msgs/include/musashi_msgs/musashi_msgs/msg/detail/motor_states__struct.hpp
[4.350s] -- Symlinking: /home/aviken/colcon_ws/install/musashi_msgs/include/musashi_msgs/musashi_msgs/msg/detail/motor_states__traits.hpp
[4.356s] -- Symlinking: /home/aviken/colcon_ws/install/musashi_msgs/include/musashi_msgs/musashi_msgs/msg/detail/motor_states__type_support.hpp
[4.362s] -- Symlinking: /home/aviken/colcon_ws/install/musashi_msgs/include/musashi_msgs/musashi_msgs/msg/detail/player_state__builder.hpp
[4.367s] -- Symlinking: /home/aviken/colcon_ws/install/musashi_msgs/include/musashi_msgs/musashi_msgs/msg/detail/player_state__struct.hpp
[4.373s] -- Symlinking: /home/aviken/colcon_ws/install/musashi_msgs/include/musashi_msgs/musashi_msgs/msg/detail/player_state__traits.hpp
[4.379s] -- Symlinking: /home/aviken/colcon_ws/install/musashi_msgs/include/musashi_msgs/musashi_msgs/msg/detail/player_state__type_support.hpp
[4.385s] -- Symlinking: /home/aviken/colcon_ws/install/musashi_msgs/include/musashi_msgs/musashi_msgs/msg/detail/player_states__builder.hpp
[4.391s] -- Symlinking: /home/aviken/colcon_ws/install/musashi_msgs/include/musashi_msgs/musashi_msgs/msg/detail/player_states__struct.hpp
[4.398s] -- Symlinking: /home/aviken/colcon_ws/install/musashi_msgs/include/musashi_msgs/musashi_msgs/msg/detail/player_states__traits.hpp
[4.404s] -- Symlinking: /home/aviken/colcon_ws/install/musashi_msgs/include/musashi_msgs/musashi_msgs/msg/detail/player_states__type_support.hpp
[4.411s] -- Symlinking: /home/aviken/colcon_ws/install/musashi_msgs/include/musashi_msgs/musashi_msgs/msg/detail/polar2_d__builder.hpp
[4.417s] -- Symlinking: /home/aviken/colcon_ws/install/musashi_msgs/include/musashi_msgs/musashi_msgs/msg/detail/polar2_d__struct.hpp
[4.424s] -- Symlinking: /home/aviken/colcon_ws/install/musashi_msgs/include/musashi_msgs/musashi_msgs/msg/detail/polar2_d__traits.hpp
[4.430s] -- Symlinking: /home/aviken/colcon_ws/install/musashi_msgs/include/musashi_msgs/musashi_msgs/msg/detail/polar2_d__type_support.hpp
[4.436s] -- Symlinking: /home/aviken/colcon_ws/install/musashi_msgs/include/musashi_msgs/musashi_msgs/msg/detail/referee_cmd__builder.hpp
[4.443s] -- Symlinking: /home/aviken/colcon_ws/install/musashi_msgs/include/musashi_msgs/musashi_msgs/msg/detail/referee_cmd__struct.hpp
[4.450s] -- Symlinking: /home/aviken/colcon_ws/install/musashi_msgs/include/musashi_msgs/musashi_msgs/msg/detail/referee_cmd__traits.hpp
[4.457s] -- Symlinking: /home/aviken/colcon_ws/install/musashi_msgs/include/musashi_msgs/musashi_msgs/msg/detail/referee_cmd__type_support.hpp
[4.464s] -- Symlinking: /home/aviken/colcon_ws/install/musashi_msgs/include/musashi_msgs/musashi_msgs/msg/motor_state.hpp
[4.471s] -- Symlinking: /home/aviken/colcon_ws/install/musashi_msgs/include/musashi_msgs/musashi_msgs/msg/motor_states.hpp
[4.477s] -- Symlinking: /home/aviken/colcon_ws/install/musashi_msgs/include/musashi_msgs/musashi_msgs/msg/player_state.hpp
[4.484s] -- Symlinking: /home/aviken/colcon_ws/install/musashi_msgs/include/musashi_msgs/musashi_msgs/msg/player_states.hpp
[4.490s] -- Symlinking: /home/aviken/colcon_ws/install/musashi_msgs/include/musashi_msgs/musashi_msgs/msg/polar2_d.hpp
[4.496s] -- Symlinking: /home/aviken/colcon_ws/install/musashi_msgs/include/musashi_msgs/musashi_msgs/msg/referee_cmd.hpp
[4.502s] -- Symlinking: /home/aviken/colcon_ws/install/musashi_msgs/include/musashi_msgs/musashi_msgs/msg/rosidl_generator_cpp__visibility_control.hpp
[4.509s] -- Symlinking: /home/aviken/colcon_ws/install/musashi_msgs/include/musashi_msgs/musashi_msgs/msg/detail/motor_state__rosidl_typesupport_fastrtps_cpp.hpp
[4.515s] -- Symlinking: /home/aviken/colcon_ws/install/musashi_msgs/include/musashi_msgs/musashi_msgs/msg/detail/motor_states__rosidl_typesupport_fastrtps_cpp.hpp
[4.521s] -- Symlinking: /home/aviken/colcon_ws/install/musashi_msgs/include/musashi_msgs/musashi_msgs/msg/detail/player_state__rosidl_typesupport_fastrtps_cpp.hpp
[4.527s] -- Symlinking: /home/aviken/colcon_ws/install/musashi_msgs/include/musashi_msgs/musashi_msgs/msg/detail/player_states__rosidl_typesupport_fastrtps_cpp.hpp
[4.534s] -- Symlinking: /home/aviken/colcon_ws/install/musashi_msgs/include/musashi_msgs/musashi_msgs/msg/detail/polar2_d__rosidl_typesupport_fastrtps_cpp.hpp
[4.540s] -- Symlinking: /home/aviken/colcon_ws/install/musashi_msgs/include/musashi_msgs/musashi_msgs/msg/detail/referee_cmd__rosidl_typesupport_fastrtps_cpp.hpp
[4.547s] -- Symlinking: /home/aviken/colcon_ws/install/musashi_msgs/include/musashi_msgs/musashi_msgs/msg/rosidl_typesupport_fastrtps_cpp__visibility_control.h
[4.553s] -- Symlinking: /home/aviken/colcon_ws/install/musashi_msgs/include/musashi_msgs/musashi_msgs/msg/detail/motor_state__rosidl_typesupport_introspection_cpp.hpp
[4.560s] -- Symlinking: /home/aviken/colcon_ws/install/musashi_msgs/include/musashi_msgs/musashi_msgs/msg/detail/motor_states__rosidl_typesupport_introspection_cpp.hpp
[4.566s] -- Symlinking: /home/aviken/colcon_ws/install/musashi_msgs/include/musashi_msgs/musashi_msgs/msg/detail/player_state__rosidl_typesupport_introspection_cpp.hpp
[4.572s] -- Symlinking: /home/aviken/colcon_ws/install/musashi_msgs/include/musashi_msgs/musashi_msgs/msg/detail/player_states__rosidl_typesupport_introspection_cpp.hpp
[4.579s] -- Symlinking: /home/aviken/colcon_ws/install/musashi_msgs/include/musashi_msgs/musashi_msgs/msg/detail/polar2_d__rosidl_typesupport_introspection_cpp.hpp
[4.585s] -- Symlinking: /home/aviken/colcon_ws/install/musashi_msgs/include/musashi_msgs/musashi_msgs/msg/detail/referee_cmd__rosidl_typesupport_introspection_cpp.hpp
[4.591s] -- Symlinking: /home/aviken/colcon_ws/install/musashi_msgs/share/musashi_msgs/environment/pythonpath.sh
[4.597s] -- Symlinking: /home/aviken/colcon_ws/install/musashi_msgs/share/musashi_msgs/environment/pythonpath.dsv
[4.603s] -- Symlinking: /home/aviken/colcon_ws/install/musashi_msgs/local/lib/python3.10/dist-packages/musashi_msgs-0.0.0-py3.10.egg-info/PKG-INFO
[4.609s] -- Symlinking: /home/aviken/colcon_ws/install/musashi_msgs/local/lib/python3.10/dist-packages/musashi_msgs-0.0.0-py3.10.egg-info/SOURCES.txt
[4.615s] -- Symlinking: /home/aviken/colcon_ws/install/musashi_msgs/local/lib/python3.10/dist-packages/musashi_msgs-0.0.0-py3.10.egg-info/dependency_links.txt
[4.621s] -- Symlinking: /home/aviken/colcon_ws/install/musashi_msgs/local/lib/python3.10/dist-packages/musashi_msgs-0.0.0-py3.10.egg-info/top_level.txt
[4.628s] -- Symlinking: /home/aviken/colcon_ws/install/musashi_msgs/local/lib/python3.10/dist-packages/musashi_msgs/__init__.py
[4.634s] -- Symlinking: /home/aviken/colcon_ws/install/musashi_msgs/local/lib/python3.10/dist-packages/musashi_msgs/_musashi_msgs_s.ep.rosidl_typesupport_c.c
[4.640s] -- Symlinking: /home/aviken/colcon_ws/install/musashi_msgs/local/lib/python3.10/dist-packages/musashi_msgs/_musashi_msgs_s.ep.rosidl_typesupport_fastrtps_c.c
[4.646s] -- Symlinking: /home/aviken/colcon_ws/install/musashi_msgs/local/lib/python3.10/dist-packages/musashi_msgs/_musashi_msgs_s.ep.rosidl_typesupport_introspection_c.c
[4.653s] -- Symlinking: /home/aviken/colcon_ws/install/musashi_msgs/local/lib/python3.10/dist-packages/musashi_msgs/libmusashi_msgs__rosidl_generator_py.so
[4.659s] -- Symlinking: /home/aviken/colcon_ws/install/musashi_msgs/local/lib/python3.10/dist-packages/musashi_msgs/msg/__init__.py
[4.665s] -- Symlinking: /home/aviken/colcon_ws/install/musashi_msgs/local/lib/python3.10/dist-packages/musashi_msgs/msg/_motor_state.py
[4.671s] -- Symlinking: /home/aviken/colcon_ws/install/musashi_msgs/local/lib/python3.10/dist-packages/musashi_msgs/msg/_motor_state_s.c
[4.677s] -- Symlinking: /home/aviken/colcon_ws/install/musashi_msgs/local/lib/python3.10/dist-packages/musashi_msgs/msg/_motor_states.py
[4.684s] -- Symlinking: /home/aviken/colcon_ws/install/musashi_msgs/local/lib/python3.10/dist-packages/musashi_msgs/msg/_motor_states_s.c
[4.690s] -- Symlinking: /home/aviken/colcon_ws/install/musashi_msgs/local/lib/python3.10/dist-packages/musashi_msgs/msg/_player_state.py
[4.696s] -- Symlinking: /home/aviken/colcon_ws/install/musashi_msgs/local/lib/python3.10/dist-packages/musashi_msgs/msg/_player_state_s.c
[4.702s] -- Symlinking: /home/aviken/colcon_ws/install/musashi_msgs/local/lib/python3.10/dist-packages/musashi_msgs/msg/_player_states.py
[4.708s] -- Symlinking: /home/aviken/colcon_ws/install/musashi_msgs/local/lib/python3.10/dist-packages/musashi_msgs/msg/_player_states_s.c
[4.714s] -- Symlinking: /home/aviken/colcon_ws/install/musashi_msgs/local/lib/python3.10/dist-packages/musashi_msgs/msg/_polar2_d.py
[4.720s] -- Symlinking: /home/aviken/colcon_ws/install/musashi_msgs/local/lib/python3.10/dist-packages/musashi_msgs/msg/_polar2_d_s.c
[4.726s] -- Symlinking: /home/aviken/colcon_ws/install/musashi_msgs/local/lib/python3.10/dist-packages/musashi_msgs/msg/_referee_cmd.py
[4.732s] -- Symlinking: /home/aviken/colcon_ws/install/musashi_msgs/local/lib/python3.10/dist-packages/musashi_msgs/msg/_referee_cmd_s.c
[4.738s] -- Symlinking: /home/aviken/colcon_ws/install/musashi_msgs/local/lib/python3.10/dist-packages/musashi_msgs/musashi_msgs_s__rosidl_typesupport_c.cpython-310-x86_64-linux-gnu.so
[4.744s] -- Symlinking: /home/aviken/colcon_ws/install/musashi_msgs/local/lib/python3.10/dist-packages/musashi_msgs/musashi_msgs_s__rosidl_typesupport_fastrtps_c.cpython-310-x86_64-linux-gnu.so
[4.750s] -- Symlinking: /home/aviken/colcon_ws/install/musashi_msgs/local/lib/python3.10/dist-packages/musashi_msgs/musashi_msgs_s__rosidl_typesupport_introspection_c.cpython-310-x86_64-linux-gnu.so
[4.757s] -- Up-to-date symlink: /home/aviken/colcon_ws/install/musashi_msgs/local/lib/python3.10/dist-packages/musashi_msgs/musashi_msgs_s__rosidl_typesupport_fastrtps_c.cpython-310-x86_64-linux-gnu.so
[4.757s] -- Up-to-date symlink: /home/aviken/colcon_ws/install/musashi_msgs/local/lib/python3.10/dist-packages/musashi_msgs/musashi_msgs_s__rosidl_typesupport_introspection_c.cpython-310-x86_64-linux-gnu.so
[4.757s] -- Up-to-date symlink: /home/aviken/colcon_ws/install/musashi_msgs/local/lib/python3.10/dist-packages/musashi_msgs/musashi_msgs_s__rosidl_typesupport_c.cpython-310-x86_64-linux-gnu.so
[4.757s] -- Symlinking: /home/aviken/colcon_ws/install/musashi_msgs/share/musashi_msgs/msg/MotorState.idl
[4.763s] -- Symlinking: /home/aviken/colcon_ws/install/musashi_msgs/share/musashi_msgs/msg/MotorStates.idl
[4.769s] -- Symlinking: /home/aviken/colcon_ws/install/musashi_msgs/share/musashi_msgs/msg/RefereeCmd.idl
[4.776s] -- Symlinking: /home/aviken/colcon_ws/install/musashi_msgs/share/musashi_msgs/msg/Polar2D.idl
[4.782s] -- Symlinking: /home/aviken/colcon_ws/install/musashi_msgs/share/musashi_msgs/msg/PlayerState.idl
[4.788s] -- Symlinking: /home/aviken/colcon_ws/install/musashi_msgs/share/musashi_msgs/msg/PlayerStates.idl
[4.794s] -- Symlinking: /home/aviken/colcon_ws/install/musashi_msgs/share/musashi_msgs/msg/MotorState.msg
[4.801s] -- Symlinking: /home/aviken/colcon_ws/install/musashi_msgs/share/musashi_msgs/msg/MotorStates.msg
[4.807s] -- Symlinking: /home/aviken/colcon_ws/install/musashi_msgs/share/musashi_msgs/msg/RefereeCmd.msg
[4.813s] -- Symlinking: /home/aviken/colcon_ws/install/musashi_msgs/share/musashi_msgs/msg/Polar2D.msg
[4.819s] -- Symlinking: /home/aviken/colcon_ws/install/musashi_msgs/share/musashi_msgs/msg/PlayerState.msg
[4.825s] -- Symlinking: /home/aviken/colcon_ws/install/musashi_msgs/share/musashi_msgs/msg/PlayerStates.msg
[4.831s] -- Symlinking: /home/aviken/colcon_ws/install/musashi_msgs/share/ament_index/resource_index/package_run_dependencies/musashi_msgs
[4.837s] -- Symlinking: /home/aviken/colcon_ws/install/musashi_msgs/share/ament_index/resource_index/parent_prefix_path/musashi_msgs
[4.842s] -- Symlinking: /home/aviken/colcon_ws/install/musashi_msgs/share/musashi_msgs/environment/ament_prefix_path.sh
[4.848s] -- Symlinking: /home/aviken/colcon_ws/install/musashi_msgs/share/musashi_msgs/environment/ament_prefix_path.dsv
[4.854s] -- Symlinking: /home/aviken/colcon_ws/install/musashi_msgs/share/musashi_msgs/environment/path.sh
[4.859s] -- Symlinking: /home/aviken/colcon_ws/install/musashi_msgs/share/musashi_msgs/environment/path.dsv
[4.865s] -- Symlinking: /home/aviken/colcon_ws/install/musashi_msgs/share/musashi_msgs/local_setup.bash
[4.871s] -- Symlinking: /home/aviken/colcon_ws/install/musashi_msgs/share/musashi_msgs/local_setup.sh
[4.877s] -- Symlinking: /home/aviken/colcon_ws/install/musashi_msgs/share/musashi_msgs/local_setup.zsh
[4.891s] -- Symlinking: /home/aviken/colcon_ws/install/musashi_msgs/share/musashi_msgs/local_setup.dsv
[4.897s] -- Symlinking: /home/aviken/colcon_ws/install/musashi_msgs/share/musashi_msgs/package.dsv
[4.903s] -- Symlinking: /home/aviken/colcon_ws/install/musashi_msgs/share/ament_index/resource_index/packages/musashi_msgs
[4.908s] -- Symlinking: /home/aviken/colcon_ws/install/musashi_msgs/share/musashi_msgs/cmake/rosidl_cmake-extras.cmake
[4.914s] -- Symlinking: /home/aviken/colcon_ws/install/musashi_msgs/share/musashi_msgs/cmake/ament_cmake_export_dependencies-extras.cmake
[4.920s] -- Symlinking: /home/aviken/colcon_ws/install/musashi_msgs/share/musashi_msgs/cmake/ament_cmake_export_include_directories-extras.cmake
[4.925s] -- Symlinking: /home/aviken/colcon_ws/install/musashi_msgs/share/musashi_msgs/cmake/ament_cmake_export_libraries-extras.cmake
[4.931s] -- Symlinking: /home/aviken/colcon_ws/install/musashi_msgs/share/musashi_msgs/cmake/ament_cmake_export_targets-extras.cmake
[4.938s] -- Symlinking: /home/aviken/colcon_ws/install/musashi_msgs/share/musashi_msgs/cmake/rosidl_cmake_export_typesupport_targets-extras.cmake
[4.943s] -- Symlinking: /home/aviken/colcon_ws/install/musashi_msgs/share/musashi_msgs/cmake/rosidl_cmake_export_typesupport_libraries-extras.cmake
[4.949s] -- Symlinking: /home/aviken/colcon_ws/install/musashi_msgs/share/musashi_msgs/cmake/musashi_msgsConfig.cmake
[4.955s] -- Symlinking: /home/aviken/colcon_ws/install/musashi_msgs/share/musashi_msgs/cmake/musashi_msgsConfig-version.cmake
[4.960s] -- Symlinking: /home/aviken/colcon_ws/install/musashi_msgs/share/musashi_msgs/package.xml
[4.966s] -- Installing: /home/aviken/colcon_ws/install/musashi_msgs/lib/libmusashi_msgs__rosidl_generator_c.so
[4.966s] -- Set runtime path of "/home/aviken/colcon_ws/install/musashi_msgs/lib/libmusashi_msgs__rosidl_generator_c.so" to ""
[4.966s] -- Installing: /home/aviken/colcon_ws/install/musashi_msgs/lib/libmusashi_msgs__rosidl_typesupport_fastrtps_c.so
[4.966s] -- Set runtime path of "/home/aviken/colcon_ws/install/musashi_msgs/lib/libmusashi_msgs__rosidl_typesupport_fastrtps_c.so" to ""
[4.966s] -- Installing: /home/aviken/colcon_ws/install/musashi_msgs/lib/libmusashi_msgs__rosidl_typesupport_introspection_c.so
[4.966s] -- Set runtime path of "/home/aviken/colcon_ws/install/musashi_msgs/lib/libmusashi_msgs__rosidl_typesupport_introspection_c.so" to ""
[4.966s] -- Installing: /home/aviken/colcon_ws/install/musashi_msgs/lib/libmusashi_msgs__rosidl_typesupport_c.so
[4.966s] -- Set runtime path of "/home/aviken/colcon_ws/install/musashi_msgs/lib/libmusashi_msgs__rosidl_typesupport_c.so" to ""
[4.966s] -- Installing: /home/aviken/colcon_ws/install/musashi_msgs/lib/libmusashi_msgs__rosidl_typesupport_fastrtps_cpp.so
[4.967s] -- Set runtime path of "/home/aviken/colcon_ws/install/musashi_msgs/lib/libmusashi_msgs__rosidl_typesupport_fastrtps_cpp.so" to ""
[4.967s] -- Installing: /home/aviken/colcon_ws/install/musashi_msgs/lib/libmusashi_msgs__rosidl_typesupport_introspection_cpp.so
[4.967s] -- Set runtime path of "/home/aviken/colcon_ws/install/musashi_msgs/lib/libmusashi_msgs__rosidl_typesupport_introspection_cpp.so" to ""
[4.967s] -- Installing: /home/aviken/colcon_ws/install/musashi_msgs/lib/libmusashi_msgs__rosidl_typesupport_cpp.so
[4.967s] -- Set runtime path of "/home/aviken/colcon_ws/install/musashi_msgs/lib/libmusashi_msgs__rosidl_typesupport_cpp.so" to ""
[5.001s] Listing '/home/aviken/colcon_ws/install/musashi_msgs/local/lib/python3.10/dist-packages/musashi_msgs'...
[5.001s] Compiling '/home/aviken/colcon_ws/install/musashi_msgs/local/lib/python3.10/dist-packages/musashi_msgs/__init__.py'...
[5.001s] Listing '/home/aviken/colcon_ws/install/musashi_msgs/local/lib/python3.10/dist-packages/musashi_msgs/msg'...
[5.001s] Compiling '/home/aviken/colcon_ws/install/musashi_msgs/local/lib/python3.10/dist-packages/musashi_msgs/msg/__init__.py'...
[5.001s] Compiling '/home/aviken/colcon_ws/install/musashi_msgs/local/lib/python3.10/dist-packages/musashi_msgs/msg/_motor_state.py'...
[5.001s] Compiling '/home/aviken/colcon_ws/install/musashi_msgs/local/lib/python3.10/dist-packages/musashi_msgs/msg/_motor_states.py'...
[5.001s] Compiling '/home/aviken/colcon_ws/install/musashi_msgs/local/lib/python3.10/dist-packages/musashi_msgs/msg/_player_state.py'...
[5.001s] Compiling '/home/aviken/colcon_ws/install/musashi_msgs/local/lib/python3.10/dist-packages/musashi_msgs/msg/_player_states.py'...
[5.001s] Compiling '/home/aviken/colcon_ws/install/musashi_msgs/local/lib/python3.10/dist-packages/musashi_msgs/msg/_polar2_d.py'...
[5.001s] Compiling '/home/aviken/colcon_ws/install/musashi_msgs/local/lib/python3.10/dist-packages/musashi_msgs/msg/_referee_cmd.py'...
[5.004s] -- Installing: /home/aviken/colcon_ws/install/musashi_msgs/lib/libmusashi_msgs__rosidl_generator_py.so
[5.004s] -- Set runtime path of "/home/aviken/colcon_ws/install/musashi_msgs/lib/libmusashi_msgs__rosidl_generator_py.so" to ""
[5.004s] -- Installing: /home/aviken/colcon_ws/install/musashi_msgs/share/musashi_msgs/cmake/export_musashi_msgs__rosidl_generator_cExport.cmake
[5.004s] -- Installing: /home/aviken/colcon_ws/install/musashi_msgs/share/musashi_msgs/cmake/export_musashi_msgs__rosidl_generator_cExport-noconfig.cmake
[5.004s] -- Installing: /home/aviken/colcon_ws/install/musashi_msgs/share/musashi_msgs/cmake/export_musashi_msgs__rosidl_typesupport_fastrtps_cExport.cmake
[5.005s] -- Installing: /home/aviken/colcon_ws/install/musashi_msgs/share/musashi_msgs/cmake/export_musashi_msgs__rosidl_typesupport_fastrtps_cExport-noconfig.cmake
[5.005s] -- Installing: /home/aviken/colcon_ws/install/musashi_msgs/share/musashi_msgs/cmake/musashi_msgs__rosidl_typesupport_introspection_cExport.cmake
[5.005s] -- Installing: /home/aviken/colcon_ws/install/musashi_msgs/share/musashi_msgs/cmake/musashi_msgs__rosidl_typesupport_introspection_cExport-noconfig.cmake
[5.005s] -- Installing: /home/aviken/colcon_ws/install/musashi_msgs/share/musashi_msgs/cmake/musashi_msgs__rosidl_typesupport_cExport.cmake
[5.005s] -- Installing: /home/aviken/colcon_ws/install/musashi_msgs/share/musashi_msgs/cmake/musashi_msgs__rosidl_typesupport_cExport-noconfig.cmake
[5.005s] -- Installing: /home/aviken/colcon_ws/install/musashi_msgs/share/musashi_msgs/cmake/export_musashi_msgs__rosidl_generator_cppExport.cmake
[5.005s] -- Installing: /home/aviken/colcon_ws/install/musashi_msgs/share/musashi_msgs/cmake/export_musashi_msgs__rosidl_typesupport_fastrtps_cppExport.cmake
[5.005s] -- Installing: /home/aviken/colcon_ws/install/musashi_msgs/share/musashi_msgs/cmake/export_musashi_msgs__rosidl_typesupport_fastrtps_cppExport-noconfig.cmake
[5.005s] -- Installing: /home/aviken/colcon_ws/install/musashi_msgs/share/musashi_msgs/cmake/musashi_msgs__rosidl_typesupport_introspection_cppExport.cmake
[5.005s] -- Installing: /home/aviken/colcon_ws/install/musashi_msgs/share/musashi_msgs/cmake/musashi_msgs__rosidl_typesupport_introspection_cppExport-noconfig.cmake
[5.005s] -- Installing: /home/aviken/colcon_ws/install/musashi_msgs/share/musashi_msgs/cmake/musashi_msgs__rosidl_typesupport_cppExport.cmake
[5.005s] -- Installing: /home/aviken/colcon_ws/install/musashi_msgs/share/musashi_msgs/cmake/musashi_msgs__rosidl_typesupport_cppExport-noconfig.cmake
[5.005s] -- Installing: /home/aviken/colcon_ws/install/musashi_msgs/share/musashi_msgs/cmake/export_musashi_msgs__rosidl_generator_pyExport.cmake
[5.005s] -- Installing: /home/aviken/colcon_ws/install/musashi_msgs/share/musashi_msgs/cmake/export_musashi_msgs__rosidl_generator_pyExport-noconfig.cmake
[5.007s] Invoked command in '/home/aviken/colcon_ws/build/musashi_msgs' returned '0': CMAKE_PREFIX_PATH=${CMAKE_PREFIX_PATH}:/home/aviken/turtlebot3_ws/install/turtlebot3_yolo_object_detection:/home/aviken/turtlebot3_ws/install/turtlebot3_teleop:/home/aviken/turtlebot3_ws/install/turtlebot3_ps4_teleop:/home/aviken/turtlebot3_ws/install/turtlebot3_example:/home/aviken/turtlebot3_ws/install/turtlebot3_automatic_parking_vision:/home/aviken/turtlebot3_ws/install/turtlebot3_automatic_parking:/home/aviken/turtlebot3_ws/install/turtlebot3_aruco_tracker:/home/aviken/colcon_ws/install/musashi_rviz:/home/aviken/colcon_ws/install/musashi_rqt_refereebox_client:/home/aviken/colcon_ws/install/musashi_rqt_player_server:/home/aviken/colcon_ws/install/musashi_rqt_player_controller:/home/aviken/colcon_ws/install/musashi_description:/home/aviken/colcon_ws/install/musashi_camera:/home/aviken/colcon_ws/install/musashi_basestation_client:/opt/ros/humble /usr/bin/cmake --install /home/aviken/colcon_ws/build/musashi_msgs
