running develop
running egg_info
creating musashi_basestation_client.egg-info
writing musashi_basestation_client.egg-info/PKG-INFO
writing dependency_links to musashi_basestation_client.egg-info/dependency_links.txt
writing entry points to musashi_basestation_client.egg-info/entry_points.txt
writing requirements to musashi_basestation_client.egg-info/requires.txt
writing top-level names to musashi_basestation_client.egg-info/top_level.txt
writing manifest file 'musashi_basestation_client.egg-info/SOURCES.txt'
reading manifest file 'musashi_basestation_client.egg-info/SOURCES.txt'
writing manifest file 'musashi_basestation_client.egg-info/SOURCES.txt'
running build_ext
Creating /home/aviken/colcon_ws/install/musashi_basestation_client/lib/python3.10/site-packages/musashi-basestation-client.egg-link (link to .)
Installing node_basestation_client script to /home/aviken/colcon_ws/install/musashi_basestation_client/lib/musashi_basestation_client

Installed /home/aviken/colcon_ws/build/musashi_basestation_client
running symlink_data
creating /home/aviken/colcon_ws/install/musashi_basestation_client/share/ament_index
creating /home/aviken/colcon_ws/install/musashi_basestation_client/share/ament_index/resource_index
creating /home/aviken/colcon_ws/install/musashi_basestation_client/share/ament_index/resource_index/packages
symbolically linking /home/aviken/colcon_ws/build/musashi_basestation_client/resource/musashi_basestation_client -> /home/aviken/colcon_ws/install/musashi_basestation_client/share/ament_index/resource_index/packages
symbolically linking /home/aviken/colcon_ws/build/musashi_basestation_client/package.xml -> /home/aviken/colcon_ws/install/musashi_basestation_client/share/musashi_basestation_client
