[0.031s] Invoking command in '/home/aviken/colcon_ws/build/musashi_msgs': CMAKE_PREFIX_PATH=${CMAKE_PREFIX_PATH}:/home/aviken/turtlebot3_ws/install/turtlebot3_yolo_object_detection:/home/aviken/turtlebot3_ws/install/turtlebot3_teleop:/home/aviken/turtlebot3_ws/install/turtlebot3_ps4_teleop:/home/aviken/turtlebot3_ws/install/turtlebot3_example:/home/aviken/turtlebot3_ws/install/turtlebot3_automatic_parking_vision:/home/aviken/turtlebot3_ws/install/turtlebot3_automatic_parking:/home/aviken/turtlebot3_ws/install/turtlebot3_aruco_tracker:/home/aviken/colcon_ws/install/musashi_rviz:/home/aviken/colcon_ws/install/musashi_rqt_refereebox_client:/home/aviken/colcon_ws/install/musashi_rqt_player_server:/home/aviken/colcon_ws/install/musashi_rqt_player_controller:/home/aviken/colcon_ws/install/musashi_description:/home/aviken/colcon_ws/install/musashi_camera:/home/aviken/colcon_ws/install/musashi_basestation_client:/opt/ros/humble /usr/bin/cmake --build /home/aviken/colcon_ws/build/musashi_msgs -- -j16 -l16
[1.015s] [35m[1mConsolidate compiler generated dependencies of target musashi_msgs__rosidl_generator_c[0m
[1.015s] [  1%] Built target musashi_msgs__cpp
[1.015s] [ 12%] Built target musashi_msgs__rosidl_generator_c
[1.015s] [ 12%] Built target ament_cmake_python_symlink_musashi_msgs
[1.015s] [35m[1mConsolidate compiler generated dependencies of target musashi_msgs__rosidl_typesupport_fastrtps_cpp[0m
[1.015s] [35m[1mConsolidate compiler generated dependencies of target musashi_msgs__rosidl_typesupport_introspection_cpp[0m
[1.015s] [35m[1mConsolidate compiler generated dependencies of target musashi_msgs__rosidl_typesupport_cpp[0m
[1.015s] [35m[1mConsolidate compiler generated dependencies of target musashi_msgs__rosidl_typesupport_c[0m
[1.015s] [35m[1mConsolidate compiler generated dependencies of target musashi_msgs__rosidl_typesupport_introspection_c[0m
[1.015s] [35m[1mConsolidate compiler generated dependencies of target musashi_msgs__rosidl_typesupport_fastrtps_c[0m
[1.015s] [ 25%] Built target musashi_msgs__rosidl_typesupport_introspection_c
[1.015s] [ 35%] Built target musashi_msgs__rosidl_typesupport_c
[1.015s] [ 46%] Built target musashi_msgs__rosidl_typesupport_fastrtps_cpp
[1.015s] [ 63%] Built target musashi_msgs__rosidl_typesupport_introspection_cpp
[1.015s] [ 69%] Built target musashi_msgs__rosidl_typesupport_cpp
[1.016s] [ 80%] Built target musashi_msgs__rosidl_typesupport_fastrtps_c
[1.016s] [ 80%] Built target musashi_msgs
[1.016s] [ 81%] Built target musashi_msgs__py
[1.016s] [35m[1mConsolidate compiler generated dependencies of target musashi_msgs__rosidl_generator_py[0m
[1.016s] [ 91%] Built target musashi_msgs__rosidl_generator_py
[1.016s] [35m[1mConsolidate compiler generated dependencies of target musashi_msgs__rosidl_typesupport_introspection_c__pyext[0m
[1.016s] [35m[1mConsolidate compiler generated dependencies of target musashi_msgs__rosidl_typesupport_fastrtps_c__pyext[0m
[1.016s] [35m[1mConsolidate compiler generated dependencies of target musashi_msgs__rosidl_typesupport_c__pyext[0m
[1.016s] [100%] Built target musashi_msgs__rosidl_typesupport_fastrtps_c__pyext
[1.016s] [100%] Built target musashi_msgs__rosidl_typesupport_c__pyext
[1.016s] [100%] Built target musashi_msgs__rosidl_typesupport_introspection_c__pyext
[1.016s] running egg_info
[1.016s] writing musashi_msgs.egg-info/PKG-INFO
[1.016s] writing dependency_links to musashi_msgs.egg-info/dependency_links.txt
[1.016s] writing top-level names to musashi_msgs.egg-info/top_level.txt
[1.017s] reading manifest file 'musashi_msgs.egg-info/SOURCES.txt'
[1.017s] writing manifest file 'musashi_msgs.egg-info/SOURCES.txt'
[1.017s] [100%] Built target ament_cmake_python_build_musashi_msgs_egg
[1.188s] Invoked command in '/home/aviken/colcon_ws/build/musashi_msgs' returned '0': CMAKE_PREFIX_PATH=${CMAKE_PREFIX_PATH}:/home/aviken/turtlebot3_ws/install/turtlebot3_yolo_object_detection:/home/aviken/turtlebot3_ws/install/turtlebot3_teleop:/home/aviken/turtlebot3_ws/install/turtlebot3_ps4_teleop:/home/aviken/turtlebot3_ws/install/turtlebot3_example:/home/aviken/turtlebot3_ws/install/turtlebot3_automatic_parking_vision:/home/aviken/turtlebot3_ws/install/turtlebot3_automatic_parking:/home/aviken/turtlebot3_ws/install/turtlebot3_aruco_tracker:/home/aviken/colcon_ws/install/musashi_rviz:/home/aviken/colcon_ws/install/musashi_rqt_refereebox_client:/home/aviken/colcon_ws/install/musashi_rqt_player_server:/home/aviken/colcon_ws/install/musashi_rqt_player_controller:/home/aviken/colcon_ws/install/musashi_description:/home/aviken/colcon_ws/install/musashi_camera:/home/aviken/colcon_ws/install/musashi_basestation_client:/opt/ros/humble /usr/bin/cmake --build /home/aviken/colcon_ws/build/musashi_msgs -- -j16 -l16
[1.195s] Invoking command in '/home/aviken/colcon_ws/build/musashi_msgs': CMAKE_PREFIX_PATH=${CMAKE_PREFIX_PATH}:/home/aviken/turtlebot3_ws/install/turtlebot3_yolo_object_detection:/home/aviken/turtlebot3_ws/install/turtlebot3_teleop:/home/aviken/turtlebot3_ws/install/turtlebot3_ps4_teleop:/home/aviken/turtlebot3_ws/install/turtlebot3_example:/home/aviken/turtlebot3_ws/install/turtlebot3_automatic_parking_vision:/home/aviken/turtlebot3_ws/install/turtlebot3_automatic_parking:/home/aviken/turtlebot3_ws/install/turtlebot3_aruco_tracker:/home/aviken/colcon_ws/install/musashi_rviz:/home/aviken/colcon_ws/install/musashi_rqt_refereebox_client:/home/aviken/colcon_ws/install/musashi_rqt_player_server:/home/aviken/colcon_ws/install/musashi_rqt_player_controller:/home/aviken/colcon_ws/install/musashi_description:/home/aviken/colcon_ws/install/musashi_camera:/home/aviken/colcon_ws/install/musashi_basestation_client:/opt/ros/humble /usr/bin/cmake --install /home/aviken/colcon_ws/build/musashi_msgs
[1.201s] -- Install configuration: ""
[1.201s] -- Execute custom install script
[1.201s] -- Up-to-date symlink: /home/aviken/colcon_ws/install/musashi_msgs/share/ament_index/resource_index/rosidl_interfaces/musashi_msgs
[1.202s] -- Up-to-date symlink: /home/aviken/colcon_ws/install/musashi_msgs/include/musashi_msgs/musashi_msgs/msg/detail/motor_state__functions.h
[1.202s] -- Up-to-date symlink: /home/aviken/colcon_ws/install/musashi_msgs/include/musashi_msgs/musashi_msgs/msg/detail/motor_state__struct.h
[1.202s] -- Up-to-date symlink: /home/aviken/colcon_ws/install/musashi_msgs/include/musashi_msgs/musashi_msgs/msg/detail/motor_state__type_support.h
[1.202s] -- Up-to-date symlink: /home/aviken/colcon_ws/install/musashi_msgs/include/musashi_msgs/musashi_msgs/msg/detail/motor_states__functions.h
[1.202s] -- Up-to-date symlink: /home/aviken/colcon_ws/install/musashi_msgs/include/musashi_msgs/musashi_msgs/msg/detail/motor_states__struct.h
[1.203s] -- Up-to-date symlink: /home/aviken/colcon_ws/install/musashi_msgs/include/musashi_msgs/musashi_msgs/msg/detail/motor_states__type_support.h
[1.203s] -- Up-to-date symlink: /home/aviken/colcon_ws/install/musashi_msgs/include/musashi_msgs/musashi_msgs/msg/detail/player_state__functions.h
[1.203s] -- Up-to-date symlink: /home/aviken/colcon_ws/install/musashi_msgs/include/musashi_msgs/musashi_msgs/msg/detail/player_state__struct.h
[1.203s] -- Up-to-date symlink: /home/aviken/colcon_ws/install/musashi_msgs/include/musashi_msgs/musashi_msgs/msg/detail/player_state__type_support.h
[1.203s] -- Up-to-date symlink: /home/aviken/colcon_ws/install/musashi_msgs/include/musashi_msgs/musashi_msgs/msg/detail/player_states__functions.h
[1.203s] -- Up-to-date symlink: /home/aviken/colcon_ws/install/musashi_msgs/include/musashi_msgs/musashi_msgs/msg/detail/player_states__struct.h
[1.203s] -- Up-to-date symlink: /home/aviken/colcon_ws/install/musashi_msgs/include/musashi_msgs/musashi_msgs/msg/detail/player_states__type_support.h
[1.203s] -- Up-to-date symlink: /home/aviken/colcon_ws/install/musashi_msgs/include/musashi_msgs/musashi_msgs/msg/detail/polar2_d__functions.h
[1.204s] -- Up-to-date symlink: /home/aviken/colcon_ws/install/musashi_msgs/include/musashi_msgs/musashi_msgs/msg/detail/polar2_d__struct.h
[1.204s] -- Up-to-date symlink: /home/aviken/colcon_ws/install/musashi_msgs/include/musashi_msgs/musashi_msgs/msg/detail/polar2_d__type_support.h
[1.204s] -- Up-to-date symlink: /home/aviken/colcon_ws/install/musashi_msgs/include/musashi_msgs/musashi_msgs/msg/detail/referee_cmd__functions.h
[1.204s] -- Up-to-date symlink: /home/aviken/colcon_ws/install/musashi_msgs/include/musashi_msgs/musashi_msgs/msg/detail/referee_cmd__struct.h
[1.204s] -- Up-to-date symlink: /home/aviken/colcon_ws/install/musashi_msgs/include/musashi_msgs/musashi_msgs/msg/detail/referee_cmd__type_support.h
[1.204s] -- Up-to-date symlink: /home/aviken/colcon_ws/install/musashi_msgs/include/musashi_msgs/musashi_msgs/msg/motor_state.h
[1.204s] -- Up-to-date symlink: /home/aviken/colcon_ws/install/musashi_msgs/include/musashi_msgs/musashi_msgs/msg/motor_states.h
[1.204s] -- Up-to-date symlink: /home/aviken/colcon_ws/install/musashi_msgs/include/musashi_msgs/musashi_msgs/msg/player_state.h
[1.204s] -- Up-to-date symlink: /home/aviken/colcon_ws/install/musashi_msgs/include/musashi_msgs/musashi_msgs/msg/player_states.h
[1.204s] -- Up-to-date symlink: /home/aviken/colcon_ws/install/musashi_msgs/include/musashi_msgs/musashi_msgs/msg/polar2_d.h
[1.204s] -- Up-to-date symlink: /home/aviken/colcon_ws/install/musashi_msgs/include/musashi_msgs/musashi_msgs/msg/referee_cmd.h
[1.204s] -- Up-to-date symlink: /home/aviken/colcon_ws/install/musashi_msgs/include/musashi_msgs/musashi_msgs/msg/rosidl_generator_c__visibility_control.h
[1.204s] -- Up-to-date symlink: /home/aviken/colcon_ws/install/musashi_msgs/share/musashi_msgs/environment/library_path.sh
[1.204s] -- Up-to-date symlink: /home/aviken/colcon_ws/install/musashi_msgs/share/musashi_msgs/environment/library_path.dsv
[1.205s] -- Up-to-date symlink: /home/aviken/colcon_ws/install/musashi_msgs/include/musashi_msgs/musashi_msgs/msg/detail/motor_state__rosidl_typesupport_fastrtps_c.h
[1.205s] -- Up-to-date symlink: /home/aviken/colcon_ws/install/musashi_msgs/include/musashi_msgs/musashi_msgs/msg/detail/motor_states__rosidl_typesupport_fastrtps_c.h
[1.205s] -- Up-to-date symlink: /home/aviken/colcon_ws/install/musashi_msgs/include/musashi_msgs/musashi_msgs/msg/detail/player_state__rosidl_typesupport_fastrtps_c.h
[1.205s] -- Up-to-date symlink: /home/aviken/colcon_ws/install/musashi_msgs/include/musashi_msgs/musashi_msgs/msg/detail/player_states__rosidl_typesupport_fastrtps_c.h
[1.205s] -- Up-to-date symlink: /home/aviken/colcon_ws/install/musashi_msgs/include/musashi_msgs/musashi_msgs/msg/detail/polar2_d__rosidl_typesupport_fastrtps_c.h
[1.205s] -- Up-to-date symlink: /home/aviken/colcon_ws/install/musashi_msgs/include/musashi_msgs/musashi_msgs/msg/detail/referee_cmd__rosidl_typesupport_fastrtps_c.h
[1.205s] -- Up-to-date symlink: /home/aviken/colcon_ws/install/musashi_msgs/include/musashi_msgs/musashi_msgs/msg/rosidl_typesupport_fastrtps_c__visibility_control.h
[1.205s] -- Up-to-date symlink: /home/aviken/colcon_ws/install/musashi_msgs/include/musashi_msgs/musashi_msgs/msg/detail/motor_state__rosidl_typesupport_introspection_c.h
[1.205s] -- Up-to-date symlink: /home/aviken/colcon_ws/install/musashi_msgs/include/musashi_msgs/musashi_msgs/msg/detail/motor_states__rosidl_typesupport_introspection_c.h
[1.205s] -- Up-to-date symlink: /home/aviken/colcon_ws/install/musashi_msgs/include/musashi_msgs/musashi_msgs/msg/detail/player_state__rosidl_typesupport_introspection_c.h
[1.205s] -- Up-to-date symlink: /home/aviken/colcon_ws/install/musashi_msgs/include/musashi_msgs/musashi_msgs/msg/detail/player_states__rosidl_typesupport_introspection_c.h
[1.205s] -- Up-to-date symlink: /home/aviken/colcon_ws/install/musashi_msgs/include/musashi_msgs/musashi_msgs/msg/detail/polar2_d__rosidl_typesupport_introspection_c.h
[1.205s] -- Up-to-date symlink: /home/aviken/colcon_ws/install/musashi_msgs/include/musashi_msgs/musashi_msgs/msg/detail/referee_cmd__rosidl_typesupport_introspection_c.h
[1.206s] -- Up-to-date symlink: /home/aviken/colcon_ws/install/musashi_msgs/include/musashi_msgs/musashi_msgs/msg/rosidl_typesupport_introspection_c__visibility_control.h
[1.206s] -- Up-to-date symlink: /home/aviken/colcon_ws/install/musashi_msgs/include/musashi_msgs/musashi_msgs/msg/detail/motor_state__builder.hpp
[1.206s] -- Up-to-date symlink: /home/aviken/colcon_ws/install/musashi_msgs/include/musashi_msgs/musashi_msgs/msg/detail/motor_state__struct.hpp
[1.206s] -- Up-to-date symlink: /home/aviken/colcon_ws/install/musashi_msgs/include/musashi_msgs/musashi_msgs/msg/detail/motor_state__traits.hpp
[1.206s] -- Up-to-date symlink: /home/aviken/colcon_ws/install/musashi_msgs/include/musashi_msgs/musashi_msgs/msg/detail/motor_state__type_support.hpp
[1.206s] -- Up-to-date symlink: /home/aviken/colcon_ws/install/musashi_msgs/include/musashi_msgs/musashi_msgs/msg/detail/motor_states__builder.hpp
[1.206s] -- Up-to-date symlink: /home/aviken/colcon_ws/install/musashi_msgs/include/musashi_msgs/musashi_msgs/msg/detail/motor_states__struct.hpp
[1.206s] -- Up-to-date symlink: /home/aviken/colcon_ws/install/musashi_msgs/include/musashi_msgs/musashi_msgs/msg/detail/motor_states__traits.hpp
[1.206s] -- Up-to-date symlink: /home/aviken/colcon_ws/install/musashi_msgs/include/musashi_msgs/musashi_msgs/msg/detail/motor_states__type_support.hpp
[1.206s] -- Up-to-date symlink: /home/aviken/colcon_ws/install/musashi_msgs/include/musashi_msgs/musashi_msgs/msg/detail/player_state__builder.hpp
[1.206s] -- Up-to-date symlink: /home/aviken/colcon_ws/install/musashi_msgs/include/musashi_msgs/musashi_msgs/msg/detail/player_state__struct.hpp
[1.206s] -- Up-to-date symlink: /home/aviken/colcon_ws/install/musashi_msgs/include/musashi_msgs/musashi_msgs/msg/detail/player_state__traits.hpp
[1.206s] -- Up-to-date symlink: /home/aviken/colcon_ws/install/musashi_msgs/include/musashi_msgs/musashi_msgs/msg/detail/player_state__type_support.hpp
[1.207s] -- Up-to-date symlink: /home/aviken/colcon_ws/install/musashi_msgs/include/musashi_msgs/musashi_msgs/msg/detail/player_states__builder.hpp
[1.207s] -- Up-to-date symlink: /home/aviken/colcon_ws/install/musashi_msgs/include/musashi_msgs/musashi_msgs/msg/detail/player_states__struct.hpp
[1.207s] -- Up-to-date symlink: /home/aviken/colcon_ws/install/musashi_msgs/include/musashi_msgs/musashi_msgs/msg/detail/player_states__traits.hpp
[1.207s] -- Up-to-date symlink: /home/aviken/colcon_ws/install/musashi_msgs/include/musashi_msgs/musashi_msgs/msg/detail/player_states__type_support.hpp
[1.207s] -- Up-to-date symlink: /home/aviken/colcon_ws/install/musashi_msgs/include/musashi_msgs/musashi_msgs/msg/detail/polar2_d__builder.hpp
[1.207s] -- Up-to-date symlink: /home/aviken/colcon_ws/install/musashi_msgs/include/musashi_msgs/musashi_msgs/msg/detail/polar2_d__struct.hpp
[1.207s] -- Up-to-date symlink: /home/aviken/colcon_ws/install/musashi_msgs/include/musashi_msgs/musashi_msgs/msg/detail/polar2_d__traits.hpp
[1.207s] -- Up-to-date symlink: /home/aviken/colcon_ws/install/musashi_msgs/include/musashi_msgs/musashi_msgs/msg/detail/polar2_d__type_support.hpp
[1.207s] -- Up-to-date symlink: /home/aviken/colcon_ws/install/musashi_msgs/include/musashi_msgs/musashi_msgs/msg/detail/referee_cmd__builder.hpp
[1.207s] -- Up-to-date symlink: /home/aviken/colcon_ws/install/musashi_msgs/include/musashi_msgs/musashi_msgs/msg/detail/referee_cmd__struct.hpp
[1.207s] -- Up-to-date symlink: /home/aviken/colcon_ws/install/musashi_msgs/include/musashi_msgs/musashi_msgs/msg/detail/referee_cmd__traits.hpp
[1.207s] -- Up-to-date symlink: /home/aviken/colcon_ws/install/musashi_msgs/include/musashi_msgs/musashi_msgs/msg/detail/referee_cmd__type_support.hpp
[1.207s] -- Up-to-date symlink: /home/aviken/colcon_ws/install/musashi_msgs/include/musashi_msgs/musashi_msgs/msg/motor_state.hpp
[1.207s] -- Up-to-date symlink: /home/aviken/colcon_ws/install/musashi_msgs/include/musashi_msgs/musashi_msgs/msg/motor_states.hpp
[1.207s] -- Up-to-date symlink: /home/aviken/colcon_ws/install/musashi_msgs/include/musashi_msgs/musashi_msgs/msg/player_state.hpp
[1.208s] -- Up-to-date symlink: /home/aviken/colcon_ws/install/musashi_msgs/include/musashi_msgs/musashi_msgs/msg/player_states.hpp
[1.208s] -- Up-to-date symlink: /home/aviken/colcon_ws/install/musashi_msgs/include/musashi_msgs/musashi_msgs/msg/polar2_d.hpp
[1.208s] -- Up-to-date symlink: /home/aviken/colcon_ws/install/musashi_msgs/include/musashi_msgs/musashi_msgs/msg/referee_cmd.hpp
[1.208s] -- Up-to-date symlink: /home/aviken/colcon_ws/install/musashi_msgs/include/musashi_msgs/musashi_msgs/msg/rosidl_generator_cpp__visibility_control.hpp
[1.208s] -- Up-to-date symlink: /home/aviken/colcon_ws/install/musashi_msgs/include/musashi_msgs/musashi_msgs/msg/detail/motor_state__rosidl_typesupport_fastrtps_cpp.hpp
[1.208s] -- Up-to-date symlink: /home/aviken/colcon_ws/install/musashi_msgs/include/musashi_msgs/musashi_msgs/msg/detail/motor_states__rosidl_typesupport_fastrtps_cpp.hpp
[1.208s] -- Up-to-date symlink: /home/aviken/colcon_ws/install/musashi_msgs/include/musashi_msgs/musashi_msgs/msg/detail/player_state__rosidl_typesupport_fastrtps_cpp.hpp
[1.208s] -- Up-to-date symlink: /home/aviken/colcon_ws/install/musashi_msgs/include/musashi_msgs/musashi_msgs/msg/detail/player_states__rosidl_typesupport_fastrtps_cpp.hpp
[1.208s] -- Up-to-date symlink: /home/aviken/colcon_ws/install/musashi_msgs/include/musashi_msgs/musashi_msgs/msg/detail/polar2_d__rosidl_typesupport_fastrtps_cpp.hpp
[1.208s] -- Up-to-date symlink: /home/aviken/colcon_ws/install/musashi_msgs/include/musashi_msgs/musashi_msgs/msg/detail/referee_cmd__rosidl_typesupport_fastrtps_cpp.hpp
[1.208s] -- Up-to-date symlink: /home/aviken/colcon_ws/install/musashi_msgs/include/musashi_msgs/musashi_msgs/msg/rosidl_typesupport_fastrtps_cpp__visibility_control.h
[1.208s] -- Up-to-date symlink: /home/aviken/colcon_ws/install/musashi_msgs/include/musashi_msgs/musashi_msgs/msg/detail/motor_state__rosidl_typesupport_introspection_cpp.hpp
[1.208s] -- Up-to-date symlink: /home/aviken/colcon_ws/install/musashi_msgs/include/musashi_msgs/musashi_msgs/msg/detail/motor_states__rosidl_typesupport_introspection_cpp.hpp
[1.209s] -- Up-to-date symlink: /home/aviken/colcon_ws/install/musashi_msgs/include/musashi_msgs/musashi_msgs/msg/detail/player_state__rosidl_typesupport_introspection_cpp.hpp
[1.209s] -- Up-to-date symlink: /home/aviken/colcon_ws/install/musashi_msgs/include/musashi_msgs/musashi_msgs/msg/detail/player_states__rosidl_typesupport_introspection_cpp.hpp
[1.209s] -- Up-to-date symlink: /home/aviken/colcon_ws/install/musashi_msgs/include/musashi_msgs/musashi_msgs/msg/detail/polar2_d__rosidl_typesupport_introspection_cpp.hpp
[1.209s] -- Up-to-date symlink: /home/aviken/colcon_ws/install/musashi_msgs/include/musashi_msgs/musashi_msgs/msg/detail/referee_cmd__rosidl_typesupport_introspection_cpp.hpp
[1.209s] -- Up-to-date symlink: /home/aviken/colcon_ws/install/musashi_msgs/share/musashi_msgs/environment/pythonpath.sh
[1.209s] -- Up-to-date symlink: /home/aviken/colcon_ws/install/musashi_msgs/share/musashi_msgs/environment/pythonpath.dsv
[1.209s] -- Up-to-date symlink: /home/aviken/colcon_ws/install/musashi_msgs/local/lib/python3.10/dist-packages/musashi_msgs-0.0.0-py3.10.egg-info/PKG-INFO
[1.209s] -- Up-to-date symlink: /home/aviken/colcon_ws/install/musashi_msgs/local/lib/python3.10/dist-packages/musashi_msgs-0.0.0-py3.10.egg-info/SOURCES.txt
[1.209s] -- Up-to-date symlink: /home/aviken/colcon_ws/install/musashi_msgs/local/lib/python3.10/dist-packages/musashi_msgs-0.0.0-py3.10.egg-info/dependency_links.txt
[1.209s] -- Up-to-date symlink: /home/aviken/colcon_ws/install/musashi_msgs/local/lib/python3.10/dist-packages/musashi_msgs-0.0.0-py3.10.egg-info/top_level.txt
[1.209s] -- Up-to-date symlink: /home/aviken/colcon_ws/install/musashi_msgs/local/lib/python3.10/dist-packages/musashi_msgs/__init__.py
[1.209s] -- Up-to-date symlink: /home/aviken/colcon_ws/install/musashi_msgs/local/lib/python3.10/dist-packages/musashi_msgs/_musashi_msgs_s.ep.rosidl_typesupport_c.c
[1.209s] -- Up-to-date symlink: /home/aviken/colcon_ws/install/musashi_msgs/local/lib/python3.10/dist-packages/musashi_msgs/_musashi_msgs_s.ep.rosidl_typesupport_fastrtps_c.c
[1.209s] -- Up-to-date symlink: /home/aviken/colcon_ws/install/musashi_msgs/local/lib/python3.10/dist-packages/musashi_msgs/_musashi_msgs_s.ep.rosidl_typesupport_introspection_c.c
[1.210s] -- Up-to-date symlink: /home/aviken/colcon_ws/install/musashi_msgs/local/lib/python3.10/dist-packages/musashi_msgs/libmusashi_msgs__rosidl_generator_py.so
[1.210s] -- Up-to-date symlink: /home/aviken/colcon_ws/install/musashi_msgs/local/lib/python3.10/dist-packages/musashi_msgs/msg/__init__.py
[1.210s] -- Up-to-date symlink: /home/aviken/colcon_ws/install/musashi_msgs/local/lib/python3.10/dist-packages/musashi_msgs/msg/_motor_state.py
[1.210s] -- Up-to-date symlink: /home/aviken/colcon_ws/install/musashi_msgs/local/lib/python3.10/dist-packages/musashi_msgs/msg/_motor_state_s.c
[1.210s] -- Up-to-date symlink: /home/aviken/colcon_ws/install/musashi_msgs/local/lib/python3.10/dist-packages/musashi_msgs/msg/_motor_states.py
[1.210s] -- Up-to-date symlink: /home/aviken/colcon_ws/install/musashi_msgs/local/lib/python3.10/dist-packages/musashi_msgs/msg/_motor_states_s.c
[1.210s] -- Up-to-date symlink: /home/aviken/colcon_ws/install/musashi_msgs/local/lib/python3.10/dist-packages/musashi_msgs/msg/_player_state.py
[1.210s] -- Up-to-date symlink: /home/aviken/colcon_ws/install/musashi_msgs/local/lib/python3.10/dist-packages/musashi_msgs/msg/_player_state_s.c
[1.210s] -- Up-to-date symlink: /home/aviken/colcon_ws/install/musashi_msgs/local/lib/python3.10/dist-packages/musashi_msgs/msg/_player_states.py
[1.210s] -- Up-to-date symlink: /home/aviken/colcon_ws/install/musashi_msgs/local/lib/python3.10/dist-packages/musashi_msgs/msg/_player_states_s.c
[1.210s] -- Up-to-date symlink: /home/aviken/colcon_ws/install/musashi_msgs/local/lib/python3.10/dist-packages/musashi_msgs/msg/_polar2_d.py
[1.210s] -- Up-to-date symlink: /home/aviken/colcon_ws/install/musashi_msgs/local/lib/python3.10/dist-packages/musashi_msgs/msg/_polar2_d_s.c
[1.210s] -- Up-to-date symlink: /home/aviken/colcon_ws/install/musashi_msgs/local/lib/python3.10/dist-packages/musashi_msgs/msg/_referee_cmd.py
[1.210s] -- Up-to-date symlink: /home/aviken/colcon_ws/install/musashi_msgs/local/lib/python3.10/dist-packages/musashi_msgs/msg/_referee_cmd_s.c
[1.211s] -- Up-to-date symlink: /home/aviken/colcon_ws/install/musashi_msgs/local/lib/python3.10/dist-packages/musashi_msgs/musashi_msgs_s__rosidl_typesupport_c.cpython-310-x86_64-linux-gnu.so
[1.211s] -- Up-to-date symlink: /home/aviken/colcon_ws/install/musashi_msgs/local/lib/python3.10/dist-packages/musashi_msgs/musashi_msgs_s__rosidl_typesupport_fastrtps_c.cpython-310-x86_64-linux-gnu.so
[1.211s] -- Up-to-date symlink: /home/aviken/colcon_ws/install/musashi_msgs/local/lib/python3.10/dist-packages/musashi_msgs/musashi_msgs_s__rosidl_typesupport_introspection_c.cpython-310-x86_64-linux-gnu.so
[1.211s] -- Up-to-date symlink: /home/aviken/colcon_ws/install/musashi_msgs/local/lib/python3.10/dist-packages/musashi_msgs/musashi_msgs_s__rosidl_typesupport_fastrtps_c.cpython-310-x86_64-linux-gnu.so
[1.211s] -- Up-to-date symlink: /home/aviken/colcon_ws/install/musashi_msgs/local/lib/python3.10/dist-packages/musashi_msgs/musashi_msgs_s__rosidl_typesupport_introspection_c.cpython-310-x86_64-linux-gnu.so
[1.211s] -- Up-to-date symlink: /home/aviken/colcon_ws/install/musashi_msgs/local/lib/python3.10/dist-packages/musashi_msgs/musashi_msgs_s__rosidl_typesupport_c.cpython-310-x86_64-linux-gnu.so
[1.211s] -- Up-to-date symlink: /home/aviken/colcon_ws/install/musashi_msgs/share/musashi_msgs/msg/MotorState.idl
[1.211s] -- Up-to-date symlink: /home/aviken/colcon_ws/install/musashi_msgs/share/musashi_msgs/msg/MotorStates.idl
[1.211s] -- Up-to-date symlink: /home/aviken/colcon_ws/install/musashi_msgs/share/musashi_msgs/msg/RefereeCmd.idl
[1.211s] -- Up-to-date symlink: /home/aviken/colcon_ws/install/musashi_msgs/share/musashi_msgs/msg/Polar2D.idl
[1.211s] -- Up-to-date symlink: /home/aviken/colcon_ws/install/musashi_msgs/share/musashi_msgs/msg/PlayerState.idl
[1.211s] -- Up-to-date symlink: /home/aviken/colcon_ws/install/musashi_msgs/share/musashi_msgs/msg/PlayerStates.idl
[1.211s] -- Up-to-date symlink: /home/aviken/colcon_ws/install/musashi_msgs/share/musashi_msgs/msg/MotorState.msg
[1.211s] -- Up-to-date symlink: /home/aviken/colcon_ws/install/musashi_msgs/share/musashi_msgs/msg/MotorStates.msg
[1.212s] -- Up-to-date symlink: /home/aviken/colcon_ws/install/musashi_msgs/share/musashi_msgs/msg/RefereeCmd.msg
[1.212s] -- Up-to-date symlink: /home/aviken/colcon_ws/install/musashi_msgs/share/musashi_msgs/msg/Polar2D.msg
[1.212s] -- Up-to-date symlink: /home/aviken/colcon_ws/install/musashi_msgs/share/musashi_msgs/msg/PlayerState.msg
[1.212s] -- Up-to-date symlink: /home/aviken/colcon_ws/install/musashi_msgs/share/musashi_msgs/msg/PlayerStates.msg
[1.212s] -- Up-to-date symlink: /home/aviken/colcon_ws/install/musashi_msgs/share/ament_index/resource_index/package_run_dependencies/musashi_msgs
[1.212s] -- Up-to-date symlink: /home/aviken/colcon_ws/install/musashi_msgs/share/ament_index/resource_index/parent_prefix_path/musashi_msgs
[1.212s] -- Up-to-date symlink: /home/aviken/colcon_ws/install/musashi_msgs/share/musashi_msgs/environment/ament_prefix_path.sh
[1.212s] -- Up-to-date symlink: /home/aviken/colcon_ws/install/musashi_msgs/share/musashi_msgs/environment/ament_prefix_path.dsv
[1.212s] -- Up-to-date symlink: /home/aviken/colcon_ws/install/musashi_msgs/share/musashi_msgs/environment/path.sh
[1.212s] -- Up-to-date symlink: /home/aviken/colcon_ws/install/musashi_msgs/share/musashi_msgs/environment/path.dsv
[1.212s] -- Up-to-date symlink: /home/aviken/colcon_ws/install/musashi_msgs/share/musashi_msgs/local_setup.bash
[1.212s] -- Up-to-date symlink: /home/aviken/colcon_ws/install/musashi_msgs/share/musashi_msgs/local_setup.sh
[1.212s] -- Up-to-date symlink: /home/aviken/colcon_ws/install/musashi_msgs/share/musashi_msgs/local_setup.zsh
[1.212s] -- Up-to-date symlink: /home/aviken/colcon_ws/install/musashi_msgs/share/musashi_msgs/local_setup.dsv
[1.212s] -- Symlinking: /home/aviken/colcon_ws/install/musashi_msgs/share/musashi_msgs/package.dsv
[1.218s] -- Up-to-date symlink: /home/aviken/colcon_ws/install/musashi_msgs/share/ament_index/resource_index/packages/musashi_msgs
[1.218s] -- Up-to-date symlink: /home/aviken/colcon_ws/install/musashi_msgs/share/musashi_msgs/cmake/rosidl_cmake-extras.cmake
[1.218s] -- Up-to-date symlink: /home/aviken/colcon_ws/install/musashi_msgs/share/musashi_msgs/cmake/ament_cmake_export_dependencies-extras.cmake
[1.218s] -- Up-to-date symlink: /home/aviken/colcon_ws/install/musashi_msgs/share/musashi_msgs/cmake/ament_cmake_export_include_directories-extras.cmake
[1.218s] -- Up-to-date symlink: /home/aviken/colcon_ws/install/musashi_msgs/share/musashi_msgs/cmake/ament_cmake_export_libraries-extras.cmake
[1.218s] -- Up-to-date symlink: /home/aviken/colcon_ws/install/musashi_msgs/share/musashi_msgs/cmake/ament_cmake_export_targets-extras.cmake
[1.219s] -- Up-to-date symlink: /home/aviken/colcon_ws/install/musashi_msgs/share/musashi_msgs/cmake/rosidl_cmake_export_typesupport_targets-extras.cmake
[1.219s] -- Up-to-date symlink: /home/aviken/colcon_ws/install/musashi_msgs/share/musashi_msgs/cmake/rosidl_cmake_export_typesupport_libraries-extras.cmake
[1.219s] -- Up-to-date symlink: /home/aviken/colcon_ws/install/musashi_msgs/share/musashi_msgs/cmake/musashi_msgsConfig.cmake
[1.219s] -- Up-to-date symlink: /home/aviken/colcon_ws/install/musashi_msgs/share/musashi_msgs/cmake/musashi_msgsConfig-version.cmake
[1.219s] -- Up-to-date symlink: /home/aviken/colcon_ws/install/musashi_msgs/share/musashi_msgs/package.xml
[1.219s] -- Up-to-date: /home/aviken/colcon_ws/install/musashi_msgs/lib/libmusashi_msgs__rosidl_generator_c.so
[1.219s] -- Up-to-date: /home/aviken/colcon_ws/install/musashi_msgs/lib/libmusashi_msgs__rosidl_typesupport_fastrtps_c.so
[1.219s] -- Up-to-date: /home/aviken/colcon_ws/install/musashi_msgs/lib/libmusashi_msgs__rosidl_typesupport_introspection_c.so
[1.219s] -- Up-to-date: /home/aviken/colcon_ws/install/musashi_msgs/lib/libmusashi_msgs__rosidl_typesupport_c.so
[1.219s] -- Up-to-date: /home/aviken/colcon_ws/install/musashi_msgs/lib/libmusashi_msgs__rosidl_typesupport_fastrtps_cpp.so
[1.219s] -- Up-to-date: /home/aviken/colcon_ws/install/musashi_msgs/lib/libmusashi_msgs__rosidl_typesupport_introspection_cpp.so
[1.220s] -- Up-to-date: /home/aviken/colcon_ws/install/musashi_msgs/lib/libmusashi_msgs__rosidl_typesupport_cpp.so
[1.250s] Listing '/home/aviken/colcon_ws/install/musashi_msgs/local/lib/python3.10/dist-packages/musashi_msgs'...
[1.250s] Listing '/home/aviken/colcon_ws/install/musashi_msgs/local/lib/python3.10/dist-packages/musashi_msgs/msg'...
[1.253s] -- Up-to-date: /home/aviken/colcon_ws/install/musashi_msgs/lib/libmusashi_msgs__rosidl_generator_py.so
[1.253s] -- Up-to-date: /home/aviken/colcon_ws/install/musashi_msgs/share/musashi_msgs/cmake/export_musashi_msgs__rosidl_generator_cExport.cmake
[1.254s] -- Up-to-date: /home/aviken/colcon_ws/install/musashi_msgs/share/musashi_msgs/cmake/export_musashi_msgs__rosidl_generator_cExport-noconfig.cmake
[1.254s] -- Up-to-date: /home/aviken/colcon_ws/install/musashi_msgs/share/musashi_msgs/cmake/export_musashi_msgs__rosidl_typesupport_fastrtps_cExport.cmake
[1.254s] -- Up-to-date: /home/aviken/colcon_ws/install/musashi_msgs/share/musashi_msgs/cmake/export_musashi_msgs__rosidl_typesupport_fastrtps_cExport-noconfig.cmake
[1.254s] -- Up-to-date: /home/aviken/colcon_ws/install/musashi_msgs/share/musashi_msgs/cmake/musashi_msgs__rosidl_typesupport_introspection_cExport.cmake
[1.254s] -- Up-to-date: /home/aviken/colcon_ws/install/musashi_msgs/share/musashi_msgs/cmake/musashi_msgs__rosidl_typesupport_introspection_cExport-noconfig.cmake
[1.254s] -- Up-to-date: /home/aviken/colcon_ws/install/musashi_msgs/share/musashi_msgs/cmake/musashi_msgs__rosidl_typesupport_cExport.cmake
[1.254s] -- Up-to-date: /home/aviken/colcon_ws/install/musashi_msgs/share/musashi_msgs/cmake/musashi_msgs__rosidl_typesupport_cExport-noconfig.cmake
[1.254s] -- Up-to-date: /home/aviken/colcon_ws/install/musashi_msgs/share/musashi_msgs/cmake/export_musashi_msgs__rosidl_generator_cppExport.cmake
[1.254s] -- Up-to-date: /home/aviken/colcon_ws/install/musashi_msgs/share/musashi_msgs/cmake/export_musashi_msgs__rosidl_typesupport_fastrtps_cppExport.cmake
[1.254s] -- Up-to-date: /home/aviken/colcon_ws/install/musashi_msgs/share/musashi_msgs/cmake/export_musashi_msgs__rosidl_typesupport_fastrtps_cppExport-noconfig.cmake
[1.254s] -- Up-to-date: /home/aviken/colcon_ws/install/musashi_msgs/share/musashi_msgs/cmake/musashi_msgs__rosidl_typesupport_introspection_cppExport.cmake
[1.255s] -- Up-to-date: /home/aviken/colcon_ws/install/musashi_msgs/share/musashi_msgs/cmake/musashi_msgs__rosidl_typesupport_introspection_cppExport-noconfig.cmake
[1.255s] -- Up-to-date: /home/aviken/colcon_ws/install/musashi_msgs/share/musashi_msgs/cmake/musashi_msgs__rosidl_typesupport_cppExport.cmake
[1.255s] -- Up-to-date: /home/aviken/colcon_ws/install/musashi_msgs/share/musashi_msgs/cmake/musashi_msgs__rosidl_typesupport_cppExport-noconfig.cmake
[1.255s] -- Up-to-date: /home/aviken/colcon_ws/install/musashi_msgs/share/musashi_msgs/cmake/export_musashi_msgs__rosidl_generator_pyExport.cmake
[1.255s] -- Up-to-date: /home/aviken/colcon_ws/install/musashi_msgs/share/musashi_msgs/cmake/export_musashi_msgs__rosidl_generator_pyExport-noconfig.cmake
[1.257s] Invoked command in '/home/aviken/colcon_ws/build/musashi_msgs' returned '0': CMAKE_PREFIX_PATH=${CMAKE_PREFIX_PATH}:/home/aviken/turtlebot3_ws/install/turtlebot3_yolo_object_detection:/home/aviken/turtlebot3_ws/install/turtlebot3_teleop:/home/aviken/turtlebot3_ws/install/turtlebot3_ps4_teleop:/home/aviken/turtlebot3_ws/install/turtlebot3_example:/home/aviken/turtlebot3_ws/install/turtlebot3_automatic_parking_vision:/home/aviken/turtlebot3_ws/install/turtlebot3_automatic_parking:/home/aviken/turtlebot3_ws/install/turtlebot3_aruco_tracker:/home/aviken/colcon_ws/install/musashi_rviz:/home/aviken/colcon_ws/install/musashi_rqt_refereebox_client:/home/aviken/colcon_ws/install/musashi_rqt_player_server:/home/aviken/colcon_ws/install/musashi_rqt_player_controller:/home/aviken/colcon_ws/install/musashi_description:/home/aviken/colcon_ws/install/musashi_camera:/home/aviken/colcon_ws/install/musashi_basestation_client:/opt/ros/humble /usr/bin/cmake --install /home/aviken/colcon_ws/build/musashi_msgs
