[0.459s] Invoking command in '/home/aviken/colcon_ws/build/musashi_rviz': CMAKE_PREFIX_PATH=/home/aviken/colcon_ws/install/musashi_msgs:/home/aviken/turtlebot3_ws/install/turtlebot3_applications:/home/aviken/turtlebot3_ws/install/turtlebot3:/home/aviken/turtlebot3_ws/install/turtlebot3_panorama:/home/aviken/turtlebot3_ws/install/turtlebot3_bringup:/home/aviken/turtlebot3_ws/install/turtlebot3_node:/home/aviken/turtlebot3_ws/install/turtlebot3_navigation2:/home/aviken/turtlebot3_ws/install/turtlebot3_msgs:/home/aviken/turtlebot3_ws/install/turtlebot3_follower:/home/aviken/turtlebot3_ws/install/turtlebot3_description:/home/aviken/turtlebot3_ws/install/turtlebot3_cartographer:/home/aviken/turtlebot3_ws/install/turtlebot3_applications_msgs:/home/aviken/turtlebot3_ws/install/dynamixel_sdk_examples:/home/aviken/turtlebot3_ws/install/dynamixel_sdk_custom_interfaces:/home/aviken/turtlebot3_ws/install/dynamixel_sdk LD_LIBRARY_PATH=/home/aviken/colcon_ws/install/musashi_msgs/lib:/home/aviken/turtlebot3_ws/install/turtlebot3_msgs/lib:/home/aviken/turtlebot3_ws/install/turtlebot3_applications_msgs/lib:/home/aviken/turtlebot3_ws/install/dynamixel_sdk_custom_interfaces/lib:/home/aviken/turtlebot3_ws/install/dynamixel_sdk/lib:/usr/lib/x86_64-linux-gnu/gazebo-11/plugins:/opt/ros/humble/opt/rviz_ogre_vendor/lib:/opt/ros/humble/lib/x86_64-linux-gnu:/opt/ros/humble/lib:/usr/lib/x86_64-linux-gnu/gazebo-11/plugins PYTHONPATH=/home/aviken/colcon_ws/build/musashi_rviz/prefix_override:/usr/lib/python3/dist-packages/colcon_core/task/python/colcon_distutils_commands:/home/aviken/colcon_ws/install/musashi_rviz/lib/python3.10/site-packages:${PYTHONPATH} /usr/bin/python3 -W ignore:setup.py install is deprecated -W ignore:easy_install command is deprecated setup.py develop --editable --build-directory /home/aviken/colcon_ws/build/musashi_rviz/build --no-deps symlink_data
[0.672s] running develop
[0.791s] running egg_info
[0.791s] creating musashi_rviz.egg-info
[0.791s] writing musashi_rviz.egg-info/PKG-INFO
[0.791s] writing dependency_links to musashi_rviz.egg-info/dependency_links.txt
[0.791s] writing entry points to musashi_rviz.egg-info/entry_points.txt
[0.791s] writing requirements to musashi_rviz.egg-info/requires.txt
[0.791s] writing top-level names to musashi_rviz.egg-info/top_level.txt
[0.792s] writing manifest file 'musashi_rviz.egg-info/SOURCES.txt'
[0.793s] reading manifest file 'musashi_rviz.egg-info/SOURCES.txt'
[0.793s] writing manifest file 'musashi_rviz.egg-info/SOURCES.txt'
[0.795s] running build_ext
[0.795s] Creating /home/aviken/colcon_ws/install/musashi_rviz/lib/python3.10/site-packages/musashi-rviz.egg-link (link to .)
[0.795s] Installing node_field_publisher script to /home/aviken/colcon_ws/install/musashi_rviz/lib/musashi_rviz
[0.795s] Installing node_sample01_tf_publisher script to /home/aviken/colcon_ws/install/musashi_rviz/lib/musashi_rviz
[0.796s] 
[0.796s] Installed /home/aviken/colcon_ws/build/musashi_rviz
[0.796s] running symlink_data
[0.796s] creating /home/aviken/colcon_ws/install/musashi_rviz/share/ament_index
[0.796s] creating /home/aviken/colcon_ws/install/musashi_rviz/share/ament_index/resource_index
[0.796s] creating /home/aviken/colcon_ws/install/musashi_rviz/share/ament_index/resource_index/packages
[0.796s] symbolically linking /home/aviken/colcon_ws/build/musashi_rviz/resource/musashi_rviz -> /home/aviken/colcon_ws/install/musashi_rviz/share/ament_index/resource_index/packages
[0.796s] symbolically linking /home/aviken/colcon_ws/build/musashi_rviz/package.xml -> /home/aviken/colcon_ws/install/musashi_rviz/share/musashi_rviz
[0.796s] creating /home/aviken/colcon_ws/install/musashi_rviz/share/musashi_rviz/launch
[0.796s] symbolically linking /home/aviken/colcon_ws/build/musashi_rviz/launch/bringup_launch.py -> /home/aviken/colcon_ws/install/musashi_rviz/share/musashi_rviz/launch
[0.796s] symbolically linking /home/aviken/colcon_ws/build/musashi_rviz/launch/player_spawn_launch.py -> /home/aviken/colcon_ws/install/musashi_rviz/share/musashi_rviz/launch
[0.796s] symbolically linking /home/aviken/colcon_ws/build/musashi_rviz/launch/team_spawn_launch.py -> /home/aviken/colcon_ws/install/musashi_rviz/share/musashi_rviz/launch
[0.797s] creating /home/aviken/colcon_ws/install/musashi_rviz/share/musashi_rviz/config
[0.797s] symbolically linking /home/aviken/colcon_ws/build/musashi_rviz/config/field_parameters.yaml -> /home/aviken/colcon_ws/install/musashi_rviz/share/musashi_rviz/config
[0.797s] symbolically linking /home/aviken/colcon_ws/build/musashi_rviz/config/field_parameters_demo.yaml -> /home/aviken/colcon_ws/install/musashi_rviz/share/musashi_rviz/config
[0.820s] Invoked command in '/home/aviken/colcon_ws/build/musashi_rviz' returned '0': CMAKE_PREFIX_PATH=/home/aviken/colcon_ws/install/musashi_msgs:/home/aviken/turtlebot3_ws/install/turtlebot3_applications:/home/aviken/turtlebot3_ws/install/turtlebot3:/home/aviken/turtlebot3_ws/install/turtlebot3_panorama:/home/aviken/turtlebot3_ws/install/turtlebot3_bringup:/home/aviken/turtlebot3_ws/install/turtlebot3_node:/home/aviken/turtlebot3_ws/install/turtlebot3_navigation2:/home/aviken/turtlebot3_ws/install/turtlebot3_msgs:/home/aviken/turtlebot3_ws/install/turtlebot3_follower:/home/aviken/turtlebot3_ws/install/turtlebot3_description:/home/aviken/turtlebot3_ws/install/turtlebot3_cartographer:/home/aviken/turtlebot3_ws/install/turtlebot3_applications_msgs:/home/aviken/turtlebot3_ws/install/dynamixel_sdk_examples:/home/aviken/turtlebot3_ws/install/dynamixel_sdk_custom_interfaces:/home/aviken/turtlebot3_ws/install/dynamixel_sdk LD_LIBRARY_PATH=/home/aviken/colcon_ws/install/musashi_msgs/lib:/home/aviken/turtlebot3_ws/install/turtlebot3_msgs/lib:/home/aviken/turtlebot3_ws/install/turtlebot3_applications_msgs/lib:/home/aviken/turtlebot3_ws/install/dynamixel_sdk_custom_interfaces/lib:/home/aviken/turtlebot3_ws/install/dynamixel_sdk/lib:/usr/lib/x86_64-linux-gnu/gazebo-11/plugins:/opt/ros/humble/opt/rviz_ogre_vendor/lib:/opt/ros/humble/lib/x86_64-linux-gnu:/opt/ros/humble/lib:/usr/lib/x86_64-linux-gnu/gazebo-11/plugins PYTHONPATH=/home/aviken/colcon_ws/build/musashi_rviz/prefix_override:/usr/lib/python3/dist-packages/colcon_core/task/python/colcon_distutils_commands:/home/aviken/colcon_ws/install/musashi_rviz/lib/python3.10/site-packages:${PYTHONPATH} /usr/bin/python3 -W ignore:setup.py install is deprecated -W ignore:easy_install command is deprecated setup.py develop --editable --build-directory /home/aviken/colcon_ws/build/musashi_rviz/build --no-deps symlink_data
