-- The C compiler identification is GNU 11.4.0
-- The CXX compiler identification is GNU 11.4.0
-- Detecting C compiler ABI info
-- Detecting C compiler ABI info - done
-- Check for working C compiler: /usr/bin/cc - skipped
-- Detecting C compile features
-- Detecting C compile features - done
-- Detecting CXX compiler ABI info
-- Detecting CXX compiler ABI info - done
-- Check for working CXX compiler: /usr/bin/c++ - skipped
-- Detecting CXX compile features
-- Detecting CXX compile features - done
-- Found ament_cmake: 1.3.12 (/opt/ros/humble/share/ament_cmake/cmake)
-- Found Python3: /usr/bin/python3 (found version "3.10.12") found components: Interpreter 
-- Override CMake install command with custom implementation using symlinks instead of copying resources
-- Found rclcpp: 16.0.14 (/opt/ros/humble/share/rclcpp/cmake)
-- Found rosidl_generator_c: 3.1.7 (/opt/ros/humble/share/rosidl_generator_c/cmake)
-- Found rosidl_adapter: 3.1.7 (/opt/ros/humble/share/rosidl_adapter/cmake)
-- Found rosidl_generator_cpp: 3.1.7 (/opt/ros/humble/share/rosidl_generator_cpp/cmake)
-- Using all available rosidl_typesupport_c: rosidl_typesupport_fastrtps_c;rosidl_typesupport_introspection_c
-- Using all available rosidl_typesupport_cpp: rosidl_typesupport_fastrtps_cpp;rosidl_typesupport_introspection_cpp
-- Found rmw_implementation_cmake: 6.1.2 (/opt/ros/humble/share/rmw_implementation_cmake/cmake)
-- Found rmw_fastrtps_cpp: 6.2.8 (/opt/ros/humble/share/rmw_fastrtps_cpp/cmake)
-- Found OpenSSL: /usr/lib/x86_64-linux-gnu/libcrypto.so (found version "3.0.2")  
-- Found FastRTPS: /opt/ros/humble/include  
-- Using RMW implementation 'rmw_fastrtps_cpp' as default
-- Looking for pthread.h
-- Looking for pthread.h - found
-- Performing Test CMAKE_HAVE_LIBC_PTHREAD
-- Performing Test CMAKE_HAVE_LIBC_PTHREAD - Success
-- Found Threads: TRUE  
-- Found musashi_msgs: 0.0.0 (/home/aviken/colcon_ws/install/musashi_msgs/share/musashi_msgs/cmake)
-- Found ament_lint_auto: 0.12.14 (/opt/ros/humble/share/ament_lint_auto/cmake)
-- Added test 'cppcheck' to perform static code analysis on C / C++ code
-- Configured cppcheck include dirs: 
-- Configured cppcheck exclude dirs and/or files: 
-- Added test 'flake8' to check Python code syntax and style conventions
-- Added test 'lint_cmake' to check CMake code style
-- Added test 'pep257' to check Python code against some of the docstring style conventions in PEP 257
-- Added test 'uncrustify' to check C / C++ code style
-- Configured uncrustify additional arguments: 
-- Added test 'xmllint' to check XML markup files
-- Configuring done
-- Generating done
-- Build files have been written to: /home/aviken/colcon_ws/build/musashi_movebase
[ 50%] [32mBuilding CXX object CMakeFiles/node_musashi_epos_manager.dir/src/node_musashi_epos_manager.cpp.o[0m
[01m[K/home/aviken/colcon_ws/src/musashi-ros2-humble/hardware/musashi_movebase/src/node_musashi_epos_manager.cpp:[m[K In constructor ‘[01m[KMaxonEposManager::MaxonEposManager(const rclcpp::NodeOptions&)[m[K’:
[01m[K/home/aviken/colcon_ws/src/musashi-ros2-humble/hardware/musashi_movebase/src/node_musashi_epos_manager.cpp:54:13:[m[K [01;35m[Kwarning: [m[Kvariable ‘[01m[Khandle[m[K’ set but not used [[01;35m[K]8;;https://gcc.gnu.org/onlinedocs/gcc/Warning-Options.html#index-Wunused-but-set-variable-Wunused-but-set-variable]8;;[m[K]
   54 |       void *[01;35m[Khandle[m[K = 0;
      |             [01;35m[K^~~~~~[m[K
[100%] [32m[1mLinking CXX executable node_musashi_epos_manager[0m
/usr/bin/ld: -lEposCmd が見つかりません: そのようなファイルやディレクトリはありません
collect2: error: ld returned 1 exit status
gmake[2]: *** [CMakeFiles/node_musashi_epos_manager.dir/build.make:175: node_musashi_epos_manager] エラー 1
gmake[1]: *** [CMakeFiles/Makefile2:137: CMakeFiles/node_musashi_epos_manager.dir/all] エラー 2
gmake: *** [Makefile:146: all] エラー 2
