[0.009s] Invoking command in '/home/aviken/colcon_ws/build/musashi_movebase': CMAKE_PREFIX_PATH=/home/aviken/colcon_ws/install/musashi_msgs:/home/aviken/turtlebot3_ws/install/turtlebot3_applications:/home/aviken/turtlebot3_ws/install/turtlebot3:/home/aviken/turtlebot3_ws/install/turtlebot3_panorama:/home/aviken/turtlebot3_ws/install/turtlebot3_bringup:/home/aviken/turtlebot3_ws/install/turtlebot3_node:/home/aviken/turtlebot3_ws/install/turtlebot3_navigation2:/home/aviken/turtlebot3_ws/install/turtlebot3_msgs:/home/aviken/turtlebot3_ws/install/turtlebot3_follower:/home/aviken/turtlebot3_ws/install/turtlebot3_description:/home/aviken/turtlebot3_ws/install/turtlebot3_cartographer:/home/aviken/turtlebot3_ws/install/turtlebot3_applications_msgs:/home/aviken/turtlebot3_ws/install/dynamixel_sdk_examples:/home/aviken/turtlebot3_ws/install/dynamixel_sdk_custom_interfaces:/home/aviken/turtlebot3_ws/install/dynamixel_sdk:/home/aviken/turtlebot3_ws/install/turtlebot3_yolo_object_detection:/home/aviken/turtlebot3_ws/install/turtlebot3_teleop:/home/aviken/turtlebot3_ws/install/turtlebot3_ps4_teleop:/home/aviken/turtlebot3_ws/install/turtlebot3_example:/home/aviken/turtlebot3_ws/install/turtlebot3_automatic_parking_vision:/home/aviken/turtlebot3_ws/install/turtlebot3_automatic_parking:/home/aviken/turtlebot3_ws/install/turtlebot3_aruco_tracker:/home/aviken/colcon_ws/install/musashi_rviz:/home/aviken/colcon_ws/install/musashi_rqt_refereebox_client:/home/aviken/colcon_ws/install/musashi_rqt_player_server:/home/aviken/colcon_ws/install/musashi_rqt_player_controller:/home/aviken/colcon_ws/install/musashi_description:/home/aviken/colcon_ws/install/musashi_camera:/home/aviken/colcon_ws/install/musashi_basestation_client:/opt/ros/humble LD_LIBRARY_PATH=/home/aviken/colcon_ws/install/musashi_msgs/lib:/home/aviken/turtlebot3_ws/install/turtlebot3_msgs/lib:/home/aviken/turtlebot3_ws/install/turtlebot3_applications_msgs/lib:/home/aviken/turtlebot3_ws/install/dynamixel_sdk_custom_interfaces/lib:/home/aviken/turtlebot3_ws/install/dynamixel_sdk/lib:/usr/lib/x86_64-linux-gnu/gazebo-11/plugins:/opt/ros/humble/opt/rviz_ogre_vendor/lib:/opt/ros/humble/lib/x86_64-linux-gnu:/opt/ros/humble/lib:/usr/lib/x86_64-linux-gnu/gazebo-11/plugins /usr/bin/cmake /home/aviken/colcon_ws/src/musashi-ros2-humble/hardware/musashi_movebase -DAMENT_CMAKE_SYMLINK_INSTALL=1 -DCMAKE_INSTALL_PREFIX=/home/aviken/colcon_ws/install/musashi_movebase
[0.045s] -- The C compiler identification is GNU 11.4.0
[0.083s] -- The CXX compiler identification is GNU 11.4.0
[0.088s] -- Detecting C compiler ABI info
[0.138s] -- Detecting C compiler ABI info - done
[0.143s] -- Check for working C compiler: /usr/bin/cc - skipped
[0.143s] -- Detecting C compile features
[0.144s] -- Detecting C compile features - done
[0.146s] -- Detecting CXX compiler ABI info
[0.203s] -- Detecting CXX compiler ABI info - done
[0.208s] -- Check for working CXX compiler: /usr/bin/c++ - skipped
[0.208s] -- Detecting CXX compile features
[0.208s] -- Detecting CXX compile features - done
[0.211s] -- Found ament_cmake: 1.3.12 (/opt/ros/humble/share/ament_cmake/cmake)
[0.340s] -- Found Python3: /usr/bin/python3 (found version "3.10.12") found components: Interpreter 
[0.392s] -- Override CMake install command with custom implementation using symlinks instead of copying resources
[0.437s] -- Found rclcpp: 16.0.14 (/opt/ros/humble/share/rclcpp/cmake)
[0.483s] -- Found rosidl_generator_c: 3.1.7 (/opt/ros/humble/share/rosidl_generator_c/cmake)
[0.490s] -- Found rosidl_adapter: 3.1.7 (/opt/ros/humble/share/rosidl_adapter/cmake)
[0.499s] -- Found rosidl_generator_cpp: 3.1.7 (/opt/ros/humble/share/rosidl_generator_cpp/cmake)
[0.511s] -- Using all available rosidl_typesupport_c: rosidl_typesupport_fastrtps_c;rosidl_typesupport_introspection_c
[0.528s] -- Using all available rosidl_typesupport_cpp: rosidl_typesupport_fastrtps_cpp;rosidl_typesupport_introspection_cpp
[0.577s] -- Found rmw_implementation_cmake: 6.1.2 (/opt/ros/humble/share/rmw_implementation_cmake/cmake)
[0.582s] -- Found rmw_fastrtps_cpp: 6.2.8 (/opt/ros/humble/share/rmw_fastrtps_cpp/cmake)
[0.661s] -- Found OpenSSL: /usr/lib/x86_64-linux-gnu/libcrypto.so (found version "3.0.2")  
[0.684s] -- Found FastRTPS: /opt/ros/humble/include  
[0.718s] -- Using RMW implementation 'rmw_fastrtps_cpp' as default
[0.728s] -- Looking for pthread.h
[0.781s] -- Looking for pthread.h - found
[0.781s] -- Performing Test CMAKE_HAVE_LIBC_PTHREAD
[0.836s] -- Performing Test CMAKE_HAVE_LIBC_PTHREAD - Success
[0.837s] -- Found Threads: TRUE  
[0.886s] -- Found musashi_msgs: 0.0.0 (/home/aviken/colcon_ws/install/musashi_msgs/share/musashi_msgs/cmake)
[0.914s] -- Found ament_lint_auto: 0.12.14 (/opt/ros/humble/share/ament_lint_auto/cmake)
[0.999s] -- Added test 'cppcheck' to perform static code analysis on C / C++ code
[0.999s] -- Configured cppcheck include dirs: 
[0.999s] -- Configured cppcheck exclude dirs and/or files: 
[1.000s] -- Added test 'flake8' to check Python code syntax and style conventions
[1.001s] -- Added test 'lint_cmake' to check CMake code style
[1.002s] -- Added test 'pep257' to check Python code against some of the docstring style conventions in PEP 257
[1.003s] -- Added test 'uncrustify' to check C / C++ code style
[1.003s] -- Configured uncrustify additional arguments: 
[1.003s] -- Added test 'xmllint' to check XML markup files
[1.005s] -- Configuring done
[1.012s] -- Generating done
[1.015s] -- Build files have been written to: /home/aviken/colcon_ws/build/musashi_movebase
[1.023s] Invoked command in '/home/aviken/colcon_ws/build/musashi_movebase' returned '0': CMAKE_PREFIX_PATH=/home/aviken/colcon_ws/install/musashi_msgs:/home/aviken/turtlebot3_ws/install/turtlebot3_applications:/home/aviken/turtlebot3_ws/install/turtlebot3:/home/aviken/turtlebot3_ws/install/turtlebot3_panorama:/home/aviken/turtlebot3_ws/install/turtlebot3_bringup:/home/aviken/turtlebot3_ws/install/turtlebot3_node:/home/aviken/turtlebot3_ws/install/turtlebot3_navigation2:/home/aviken/turtlebot3_ws/install/turtlebot3_msgs:/home/aviken/turtlebot3_ws/install/turtlebot3_follower:/home/aviken/turtlebot3_ws/install/turtlebot3_description:/home/aviken/turtlebot3_ws/install/turtlebot3_cartographer:/home/aviken/turtlebot3_ws/install/turtlebot3_applications_msgs:/home/aviken/turtlebot3_ws/install/dynamixel_sdk_examples:/home/aviken/turtlebot3_ws/install/dynamixel_sdk_custom_interfaces:/home/aviken/turtlebot3_ws/install/dynamixel_sdk:/home/aviken/turtlebot3_ws/install/turtlebot3_yolo_object_detection:/home/aviken/turtlebot3_ws/install/turtlebot3_teleop:/home/aviken/turtlebot3_ws/install/turtlebot3_ps4_teleop:/home/aviken/turtlebot3_ws/install/turtlebot3_example:/home/aviken/turtlebot3_ws/install/turtlebot3_automatic_parking_vision:/home/aviken/turtlebot3_ws/install/turtlebot3_automatic_parking:/home/aviken/turtlebot3_ws/install/turtlebot3_aruco_tracker:/home/aviken/colcon_ws/install/musashi_rviz:/home/aviken/colcon_ws/install/musashi_rqt_refereebox_client:/home/aviken/colcon_ws/install/musashi_rqt_player_server:/home/aviken/colcon_ws/install/musashi_rqt_player_controller:/home/aviken/colcon_ws/install/musashi_description:/home/aviken/colcon_ws/install/musashi_camera:/home/aviken/colcon_ws/install/musashi_basestation_client:/opt/ros/humble LD_LIBRARY_PATH=/home/aviken/colcon_ws/install/musashi_msgs/lib:/home/aviken/turtlebot3_ws/install/turtlebot3_msgs/lib:/home/aviken/turtlebot3_ws/install/turtlebot3_applications_msgs/lib:/home/aviken/turtlebot3_ws/install/dynamixel_sdk_custom_interfaces/lib:/home/aviken/turtlebot3_ws/install/dynamixel_sdk/lib:/usr/lib/x86_64-linux-gnu/gazebo-11/plugins:/opt/ros/humble/opt/rviz_ogre_vendor/lib:/opt/ros/humble/lib/x86_64-linux-gnu:/opt/ros/humble/lib:/usr/lib/x86_64-linux-gnu/gazebo-11/plugins /usr/bin/cmake /home/aviken/colcon_ws/src/musashi-ros2-humble/hardware/musashi_movebase -DAMENT_CMAKE_SYMLINK_INSTALL=1 -DCMAKE_INSTALL_PREFIX=/home/aviken/colcon_ws/install/musashi_movebase
[1.024s] Invoking command in '/home/aviken/colcon_ws/build/musashi_movebase': CMAKE_PREFIX_PATH=/home/aviken/colcon_ws/install/musashi_msgs:/home/aviken/turtlebot3_ws/install/turtlebot3_applications:/home/aviken/turtlebot3_ws/install/turtlebot3:/home/aviken/turtlebot3_ws/install/turtlebot3_panorama:/home/aviken/turtlebot3_ws/install/turtlebot3_bringup:/home/aviken/turtlebot3_ws/install/turtlebot3_node:/home/aviken/turtlebot3_ws/install/turtlebot3_navigation2:/home/aviken/turtlebot3_ws/install/turtlebot3_msgs:/home/aviken/turtlebot3_ws/install/turtlebot3_follower:/home/aviken/turtlebot3_ws/install/turtlebot3_description:/home/aviken/turtlebot3_ws/install/turtlebot3_cartographer:/home/aviken/turtlebot3_ws/install/turtlebot3_applications_msgs:/home/aviken/turtlebot3_ws/install/dynamixel_sdk_examples:/home/aviken/turtlebot3_ws/install/dynamixel_sdk_custom_interfaces:/home/aviken/turtlebot3_ws/install/dynamixel_sdk:/home/aviken/turtlebot3_ws/install/turtlebot3_yolo_object_detection:/home/aviken/turtlebot3_ws/install/turtlebot3_teleop:/home/aviken/turtlebot3_ws/install/turtlebot3_ps4_teleop:/home/aviken/turtlebot3_ws/install/turtlebot3_example:/home/aviken/turtlebot3_ws/install/turtlebot3_automatic_parking_vision:/home/aviken/turtlebot3_ws/install/turtlebot3_automatic_parking:/home/aviken/turtlebot3_ws/install/turtlebot3_aruco_tracker:/home/aviken/colcon_ws/install/musashi_rviz:/home/aviken/colcon_ws/install/musashi_rqt_refereebox_client:/home/aviken/colcon_ws/install/musashi_rqt_player_server:/home/aviken/colcon_ws/install/musashi_rqt_player_controller:/home/aviken/colcon_ws/install/musashi_description:/home/aviken/colcon_ws/install/musashi_camera:/home/aviken/colcon_ws/install/musashi_basestation_client:/opt/ros/humble LD_LIBRARY_PATH=/home/aviken/colcon_ws/install/musashi_msgs/lib:/home/aviken/turtlebot3_ws/install/turtlebot3_msgs/lib:/home/aviken/turtlebot3_ws/install/turtlebot3_applications_msgs/lib:/home/aviken/turtlebot3_ws/install/dynamixel_sdk_custom_interfaces/lib:/home/aviken/turtlebot3_ws/install/dynamixel_sdk/lib:/usr/lib/x86_64-linux-gnu/gazebo-11/plugins:/opt/ros/humble/opt/rviz_ogre_vendor/lib:/opt/ros/humble/lib/x86_64-linux-gnu:/opt/ros/humble/lib:/usr/lib/x86_64-linux-gnu/gazebo-11/plugins /usr/bin/cmake --build /home/aviken/colcon_ws/build/musashi_movebase -- -j16 -l16
[1.062s] [ 50%] [32mBuilding CXX object CMakeFiles/node_musashi_epos_manager.dir/src/node_musashi_epos_manager.cpp.o[0m
[2.717s] [01m[K/home/aviken/colcon_ws/src/musashi-ros2-humble/hardware/musashi_movebase/src/node_musashi_epos_manager.cpp:[m[K In constructor ‘[01m[KMaxonEposManager::MaxonEposManager(const rclcpp::NodeOptions&)[m[K’:
[2.717s] [01m[K/home/aviken/colcon_ws/src/musashi-ros2-humble/hardware/musashi_movebase/src/node_musashi_epos_manager.cpp:54:13:[m[K [01;35m[Kwarning: [m[Kvariable ‘[01m[Khandle[m[K’ set but not used [[01;35m[K]8;;https://gcc.gnu.org/onlinedocs/gcc/Warning-Options.html#index-Wunused-but-set-variable-Wunused-but-set-variable]8;;[m[K]
[2.717s]    54 |       void *[01;35m[Khandle[m[K = 0;
[2.717s]       |             [01;35m[K^~~~~~[m[K
[3.221s] [100%] [32m[1mLinking CXX executable node_musashi_epos_manager[0m
[3.234s] /usr/bin/ld: -lEposCmd が見つかりません: そのようなファイルやディレクトリはありません
[3.261s] collect2: error: ld returned 1 exit status
[3.262s] gmake[2]: *** [CMakeFiles/node_musashi_epos_manager.dir/build.make:175: node_musashi_epos_manager] エラー 1
[3.262s] gmake[1]: *** [CMakeFiles/Makefile2:137: CMakeFiles/node_musashi_epos_manager.dir/all] エラー 2
[3.263s] gmake: *** [Makefile:146: all] エラー 2
[3.264s] Invoked command in '/home/aviken/colcon_ws/build/musashi_movebase' returned '2': CMAKE_PREFIX_PATH=/home/aviken/colcon_ws/install/musashi_msgs:/home/aviken/turtlebot3_ws/install/turtlebot3_applications:/home/aviken/turtlebot3_ws/install/turtlebot3:/home/aviken/turtlebot3_ws/install/turtlebot3_panorama:/home/aviken/turtlebot3_ws/install/turtlebot3_bringup:/home/aviken/turtlebot3_ws/install/turtlebot3_node:/home/aviken/turtlebot3_ws/install/turtlebot3_navigation2:/home/aviken/turtlebot3_ws/install/turtlebot3_msgs:/home/aviken/turtlebot3_ws/install/turtlebot3_follower:/home/aviken/turtlebot3_ws/install/turtlebot3_description:/home/aviken/turtlebot3_ws/install/turtlebot3_cartographer:/home/aviken/turtlebot3_ws/install/turtlebot3_applications_msgs:/home/aviken/turtlebot3_ws/install/dynamixel_sdk_examples:/home/aviken/turtlebot3_ws/install/dynamixel_sdk_custom_interfaces:/home/aviken/turtlebot3_ws/install/dynamixel_sdk:/home/aviken/turtlebot3_ws/install/turtlebot3_yolo_object_detection:/home/aviken/turtlebot3_ws/install/turtlebot3_teleop:/home/aviken/turtlebot3_ws/install/turtlebot3_ps4_teleop:/home/aviken/turtlebot3_ws/install/turtlebot3_example:/home/aviken/turtlebot3_ws/install/turtlebot3_automatic_parking_vision:/home/aviken/turtlebot3_ws/install/turtlebot3_automatic_parking:/home/aviken/turtlebot3_ws/install/turtlebot3_aruco_tracker:/home/aviken/colcon_ws/install/musashi_rviz:/home/aviken/colcon_ws/install/musashi_rqt_refereebox_client:/home/aviken/colcon_ws/install/musashi_rqt_player_server:/home/aviken/colcon_ws/install/musashi_rqt_player_controller:/home/aviken/colcon_ws/install/musashi_description:/home/aviken/colcon_ws/install/musashi_camera:/home/aviken/colcon_ws/install/musashi_basestation_client:/opt/ros/humble LD_LIBRARY_PATH=/home/aviken/colcon_ws/install/musashi_msgs/lib:/home/aviken/turtlebot3_ws/install/turtlebot3_msgs/lib:/home/aviken/turtlebot3_ws/install/turtlebot3_applications_msgs/lib:/home/aviken/turtlebot3_ws/install/dynamixel_sdk_custom_interfaces/lib:/home/aviken/turtlebot3_ws/install/dynamixel_sdk/lib:/usr/lib/x86_64-linux-gnu/gazebo-11/plugins:/opt/ros/humble/opt/rviz_ogre_vendor/lib:/opt/ros/humble/lib/x86_64-linux-gnu:/opt/ros/humble/lib:/usr/lib/x86_64-linux-gnu/gazebo-11/plugins /usr/bin/cmake --build /home/aviken/colcon_ws/build/musashi_movebase -- -j16 -l16
