[1.424s] Invoking command in '/home/aviken/colcon_ws/build/musashi_camera': PYTHONPATH=/home/aviken/colcon_ws/build/musashi_camera/prefix_override:/usr/lib/python3/dist-packages/colcon_core/task/python/colcon_distutils_commands:/home/aviken/colcon_ws/install/musashi_camera/lib/python3.10/site-packages:${PYTHONPATH} /usr/bin/python3 -W ignore:setup.py install is deprecated -W ignore:easy_install command is deprecated setup.py develop --editable --build-directory /home/aviken/colcon_ws/build/musashi_camera/build --no-deps symlink_data
[1.644s] running develop
[1.772s] running egg_info
[1.773s] creating musashi_camera.egg-info
[1.773s] writing musashi_camera.egg-info/PKG-INFO
[1.773s] writing dependency_links to musashi_camera.egg-info/dependency_links.txt
[1.773s] writing entry points to musashi_camera.egg-info/entry_points.txt
[1.773s] writing requirements to musashi_camera.egg-info/requires.txt
[1.773s] writing top-level names to musashi_camera.egg-info/top_level.txt
[1.773s] writing manifest file 'musashi_camera.egg-info/SOURCES.txt'
[1.774s] reading manifest file 'musashi_camera.egg-info/SOURCES.txt'
[1.775s] writing manifest file 'musashi_camera.egg-info/SOURCES.txt'
[1.776s] running build_ext
[1.776s] Creating /home/aviken/colcon_ws/install/musashi_camera/lib/python3.10/site-packages/musashi-camera.egg-link (link to .)
[1.777s] Installing node_musashi_camera script to /home/aviken/colcon_ws/install/musashi_camera/lib/musashi_camera
[1.777s] 
[1.777s] Installed /home/aviken/colcon_ws/build/musashi_camera
[1.777s] running symlink_data
[1.777s] creating /home/aviken/colcon_ws/install/musashi_camera/share/ament_index
[1.777s] creating /home/aviken/colcon_ws/install/musashi_camera/share/ament_index/resource_index
[1.777s] creating /home/aviken/colcon_ws/install/musashi_camera/share/ament_index/resource_index/packages
[1.777s] symbolically linking /home/aviken/colcon_ws/build/musashi_camera/resource/musashi_camera -> /home/aviken/colcon_ws/install/musashi_camera/share/ament_index/resource_index/packages
[1.777s] symbolically linking /home/aviken/colcon_ws/build/musashi_camera/package.xml -> /home/aviken/colcon_ws/install/musashi_camera/share/musashi_camera
[1.777s] creating /home/aviken/colcon_ws/install/musashi_camera/share/musashi_camera/launch
[1.777s] symbolically linking /home/aviken/colcon_ws/build/musashi_camera/launch/musashi_camera_launch.py -> /home/aviken/colcon_ws/install/musashi_camera/share/musashi_camera/launch
[1.801s] Invoked command in '/home/aviken/colcon_ws/build/musashi_camera' returned '0': PYTHONPATH=/home/aviken/colcon_ws/build/musashi_camera/prefix_override:/usr/lib/python3/dist-packages/colcon_core/task/python/colcon_distutils_commands:/home/aviken/colcon_ws/install/musashi_camera/lib/python3.10/site-packages:${PYTHONPATH} /usr/bin/python3 -W ignore:setup.py install is deprecated -W ignore:easy_install command is deprecated setup.py develop --editable --build-directory /home/aviken/colcon_ws/build/musashi_camera/build --no-deps symlink_data
